[0.002s][info][gc] Using G1
Unpacking 26.2/server-26.2.jar (versions:26.2) to versions/26.2/server-26.2.jar
Unpacking at/yawk/lz4/lz4-java/1.10.1/lz4-java-1.10.1.jar (libraries:at.yawk.lz4:lz4-java:1.10.1) to libraries/at/yawk/lz4/lz4-java/1.10.1/lz4-java-1.10.1.jar
Unpacking com/azure/azure-json/1.4.0/azure-json-1.4.0.jar (libraries:com.azure:azure-json:1.4.0) to libraries/com/azure/azure-json/1.4.0/azure-json-1.4.0.jar
Unpacking com/github/oshi/oshi-core/6.9.0/oshi-core-6.9.0.jar (libraries:com.github.oshi:oshi-core:6.9.0) to libraries/com/github/oshi/oshi-core/6.9.0/oshi-core-6.9.0.jar
Unpacking com/google/code/gson/gson/2.14.0/gson-2.14.0.jar (libraries:com.google.code.gson:gson:2.14.0) to libraries/com/google/code/gson/gson/2.14.0/gson-2.14.0.jar
Unpacking com/google/guava/failureaccess/1.0.3/failureaccess-1.0.3.jar (libraries:com.google.guava:failureaccess:1.0.3) to libraries/com/google/guava/failureaccess/1.0.3/failureaccess-1.0.3.jar
Unpacking com/google/guava/guava/33.6.0-jre/guava-33.6.0-jre.jar (libraries:com.google.guava:guava:33.6.0-jre) to libraries/com/google/guava/guava/33.6.0-jre/guava-33.6.0-jre.jar
Unpacking com/microsoft/azure/msal4j/1.24.1/msal4j-1.24.1.jar (libraries:com.microsoft.azure:msal4j:1.24.1) to libraries/com/microsoft/azure/msal4j/1.24.1/msal4j-1.24.1.jar
Unpacking com/mojang/authlib/9.0.75/authlib-9.0.75.jar (libraries:com.mojang:authlib:9.0.75) to libraries/com/mojang/authlib/9.0.75/authlib-9.0.75.jar
Unpacking com/mojang/brigadier/1.3.10/brigadier-1.3.10.jar (libraries:com.mojang:brigadier:1.3.10) to libraries/com/mojang/brigadier/1.3.10/brigadier-1.3.10.jar
Unpacking com/mojang/datafixerupper/10.0.21/datafixerupper-10.0.21.jar (libraries:com.mojang:datafixerupper:10.0.21) to libraries/com/mojang/datafixerupper/10.0.21/datafixerupper-10.0.21.jar
Unpacking com/mojang/jtracy/1.0.37/jtracy-1.0.37.jar (libraries:com.mojang:jtracy:1.0.37) to libraries/com/mojang/jtracy/1.0.37/jtracy-1.0.37.jar
Unpacking com/mojang/logging/1.7.12/logging-1.7.12.jar (libraries:com.mojang:logging:1.7.12) to libraries/com/mojang/logging/1.7.12/logging-1.7.12.jar
Unpacking commons-io/commons-io/2.20.0/commons-io-2.20.0.jar (libraries:commons-io:commons-io:2.20.0) to libraries/commons-io/commons-io/2.20.0/commons-io-2.20.0.jar
Unpacking io/netty/netty-buffer/4.2.15.Final/netty-buffer-4.2.15.Final.jar (libraries:io.netty:netty-buffer:4.2.15.Final) to libraries/io/netty/netty-buffer/4.2.15.Final/netty-buffer-4.2.15.Final.jar
Unpacking io/netty/netty-codec-base/4.2.15.Final/netty-codec-base-4.2.15.Final.jar (libraries:io.netty:netty-codec-base:4.2.15.Final) to libraries/io/netty/netty-codec-base/4.2.15.Final/netty-codec-base-4.2.15.Final.jar
Unpacking io/netty/netty-codec-compression/4.2.15.Final/netty-codec-compression-4.2.15.Final.jar (libraries:io.netty:netty-codec-compression:4.2.15.Final) to libraries/io/netty/netty-codec-compression/4.2.15.Final/netty-codec-compression-4.2.15.Final.jar
Unpacking io/netty/netty-codec-http/4.2.15.Final/netty-codec-http-4.2.15.Final.jar (libraries:io.netty:netty-codec-http:4.2.15.Final) to libraries/io/netty/netty-codec-http/4.2.15.Final/netty-codec-http-4.2.15.Final.jar
Unpacking io/netty/netty-common/4.2.15.Final/netty-common-4.2.15.Final.jar (libraries:io.netty:netty-common:4.2.15.Final) to libraries/io/netty/netty-common/4.2.15.Final/netty-common-4.2.15.Final.jar
Unpacking io/netty/netty-handler/4.2.15.Final/netty-handler-4.2.15.Final.jar (libraries:io.netty:netty-handler:4.2.15.Final) to libraries/io/netty/netty-handler/4.2.15.Final/netty-handler-4.2.15.Final.jar
Unpacking io/netty/netty-resolver/4.2.15.Final/netty-resolver-4.2.15.Final.jar (libraries:io.netty:netty-resolver:4.2.15.Final) to libraries/io/netty/netty-resolver/4.2.15.Final/netty-resolver-4.2.15.Final.jar
Unpacking io/netty/netty-transport/4.2.15.Final/netty-transport-4.2.15.Final.jar (libraries:io.netty:netty-transport:4.2.15.Final) to libraries/io/netty/netty-transport/4.2.15.Final/netty-transport-4.2.15.Final.jar
Unpacking io/netty/netty-transport-classes-epoll/4.2.15.Final/netty-transport-classes-epoll-4.2.15.Final.jar (libraries:io.netty:netty-transport-classes-epoll:4.2.15.Final) to libraries/io/netty/netty-transport-classes-epoll/4.2.15.Final/netty-transport-classes-epoll-4.2.15.Final.jar
Unpacking io/netty/netty-transport-classes-kqueue/4.2.15.Final/netty-transport-classes-kqueue-4.2.15.Final.jar (libraries:io.netty:netty-transport-classes-kqueue:4.2.15.Final) to libraries/io/netty/netty-transport-classes-kqueue/4.2.15.Final/netty-transport-classes-kqueue-4.2.15.Final.jar
Unpacking io/netty/netty-transport-native-epoll/4.2.15.Final/netty-transport-native-epoll-4.2.15.Final-linux-x86_64.jar (libraries:io.netty:netty-transport-native-epoll:4.2.15.Final:linux-x86_64) to libraries/io/netty/netty-transport-native-epoll/4.2.15.Final/netty-transport-native-epoll-4.2.15.Final-linux-x86_64.jar
Unpacking io/netty/netty-transport-native-epoll/4.2.15.Final/netty-transport-native-epoll-4.2.15.Final-linux-aarch_64.jar (libraries:io.netty:netty-transport-native-epoll:4.2.15.Final:linux-aarch_64) to libraries/io/netty/netty-transport-native-epoll/4.2.15.Final/netty-transport-native-epoll-4.2.15.Final-linux-aarch_64.jar
Unpacking io/netty/netty-transport-native-kqueue/4.2.15.Final/netty-transport-native-kqueue-4.2.15.Final-osx-x86_64.jar (libraries:io.netty:netty-transport-native-kqueue:4.2.15.Final:osx-x86_64) to libraries/io/netty/netty-transport-native-kqueue/4.2.15.Final/netty-transport-native-kqueue-4.2.15.Final-osx-x86_64.jar
Unpacking io/netty/netty-transport-native-kqueue/4.2.15.Final/netty-transport-native-kqueue-4.2.15.Final-osx-aarch_64.jar (libraries:io.netty:netty-transport-native-kqueue:4.2.15.Final:osx-aarch_64) to libraries/io/netty/netty-transport-native-kqueue/4.2.15.Final/netty-transport-native-kqueue-4.2.15.Final-osx-aarch_64.jar
Unpacking io/netty/netty-transport-native-unix-common/4.2.15.Final/netty-transport-native-unix-common-4.2.15.Final.jar (libraries:io.netty:netty-transport-native-unix-common:4.2.15.Final) to libraries/io/netty/netty-transport-native-unix-common/4.2.15.Final/netty-transport-native-unix-common-4.2.15.Final.jar
Unpacking it/unimi/dsi/fastutil/8.5.18/fastutil-8.5.18.jar (libraries:it.unimi.dsi:fastutil:8.5.18) to libraries/it/unimi/dsi/fastutil/8.5.18/fastutil-8.5.18.jar
Unpacking net/java/dev/jna/jna/5.17.0/jna-5.17.0.jar (libraries:net.java.dev.jna:jna:5.17.0) to libraries/net/java/dev/jna/jna/5.17.0/jna-5.17.0.jar
Unpacking net/java/dev/jna/jna-platform/5.17.0/jna-platform-5.17.0.jar (libraries:net.java.dev.jna:jna-platform:5.17.0) to libraries/net/java/dev/jna/jna-platform/5.17.0/jna-platform-5.17.0.jar
Unpacking net/sf/jopt-simple/jopt-simple/5.0.4/jopt-simple-5.0.4.jar (libraries:net.sf.jopt-simple:jopt-simple:5.0.4) to libraries/net/sf/jopt-simple/jopt-simple/5.0.4/jopt-simple-5.0.4.jar
Unpacking org/apache/commons/commons-lang3/3.20.0/commons-lang3-3.20.0.jar (libraries:org.apache.commons:commons-lang3:3.20.0) to libraries/org/apache/commons/commons-lang3/3.20.0/commons-lang3-3.20.0.jar
Unpacking org/apache/logging/log4j/log4j-api/2.26.0/log4j-api-2.26.0.jar (libraries:org.apache.logging.log4j:log4j-api:2.26.0) to libraries/org/apache/logging/log4j/log4j-api/2.26.0/log4j-api-2.26.0.jar
Unpacking org/apache/logging/log4j/log4j-core/2.26.0/log4j-core-2.26.0.jar (libraries:org.apache.logging.log4j:log4j-core:2.26.0) to libraries/org/apache/logging/log4j/log4j-core/2.26.0/log4j-core-2.26.0.jar
Unpacking org/apache/logging/log4j/log4j-slf4j2-impl/2.26.0/log4j-slf4j2-impl-2.26.0.jar (libraries:org.apache.logging.log4j:log4j-slf4j2-impl:2.26.0) to libraries/org/apache/logging/log4j/log4j-slf4j2-impl/2.26.0/log4j-slf4j2-impl-2.26.0.jar
Unpacking org/joml/joml/1.10.8/joml-1.10.8.jar (libraries:org.joml:joml:1.10.8) to libraries/org/joml/joml/1.10.8/joml-1.10.8.jar
Unpacking org/jspecify/jspecify/1.0.0/jspecify-1.0.0.jar (libraries:org.jspecify:jspecify:1.0.0) to libraries/org/jspecify/jspecify/1.0.0/jspecify-1.0.0.jar
Unpacking org/slf4j/slf4j-api/2.0.17/slf4j-api-2.0.17.jar (libraries:org.slf4j:slf4j-api:2.0.17) to libraries/org/slf4j/slf4j-api/2.0.17/slf4j-api-2.0.17.jar
Starting net.minecraft.server.Main
[5.060s][info][gc] GC(0) Pause Young (Normal) (G1 Evacuation Pause) 71M->16M(1026M) 15.500ms
WARNING: A restricted method in java.lang.System has been called
WARNING: java.lang.System::load has been called by com.sun.jna.Native in an unnamed module (file:/home/runner/work/privateB/privateB/testbed/server/libraries/net/java/dev/jna/jna/5.17.0/jna-5.17.0.jar)
WARNING: Use --enable-native-access=ALL-UNNAMED to avoid a warning for callers in this module
WARNING: Restricted methods will be blocked in a future release unless native access is enabled

[11.100s][info][gc] GC(1) Pause Young (Concurrent Start) (Metadata GC Threshold) 146M->41M(1026M) 19.471ms
[11.100s][info][gc] GC(2) Concurrent Mark Cycle
[11.117s][info][gc] GC(2) Pause Remark 43M->43M(1024M) 2.948ms
[11.122s][info][gc] GC(2) Pause Cleanup 44M->44M(1024M) 0.021ms
[11.125s][info][gc] GC(2) Concurrent Mark Cycle 25.199ms
WARNING: A terminally deprecated method in sun.misc.Unsafe has been called
WARNING: sun.misc.Unsafe::objectFieldOffset has been called by org.joml.MemUtil$MemUtilUnsafe (file:/home/runner/work/privateB/privateB/testbed/server/libraries/org/joml/joml/1.10.8/joml-1.10.8.jar)
WARNING: Please consider reporting this to the maintainers of class org.joml.MemUtil$MemUtilUnsafe
WARNING: sun.misc.Unsafe::objectFieldOffset will be removed in a future release
[12.559s][info][gc] GC(3) Pause Young (Prepare Mixed) (Metadata GC Threshold) 401M->61M(1024M) 29.884ms
[12.596s][info][gc] GC(4) Pause Young (Mixed) (Metadata GC Threshold) 65M->61M(1024M) 19.758ms
[12.632s][info][gc] GC(5) Pause Young (Concurrent Start) (Metadata GC Threshold) 65M->61M(1024M) 17.091ms
[12.632s][info][gc] GC(6) Concurrent Mark Cycle
[12.659s][info][gc] GC(6) Pause Remark 66M->66M(1024M) 3.753ms
[12.663s][info][gc] GC(6) Pause Cleanup 67M->67M(1024M) 0.025ms
[12.665s][info][gc] GC(6) Concurrent Mark Cycle 33.020ms
[13.923s][info][gc] GC(7) Pause Young (Prepare Mixed) (Metadata GC Threshold) 475M->85M(1024M) 51.224ms
[13.987s][info][gc] GC(8) Pause Young (Mixed) (Metadata GC Threshold) 89M->86M(1024M) 41.528ms
[14.023s][info][gc] GC(9) Pause Young (Concurrent Start) (Metadata GC Threshold) 90M->86M(1024M) 18.247ms
[14.023s][info][gc] GC(10) Concurrent Mark Cycle
[14.132s][info][gc] GC(10) Pause Remark 100M->100M(1024M) 5.808ms
[14.158s][info][gc] GC(10) Pause Cleanup 102M->102M(1024M) 0.028ms
[14.162s][info][gc] GC(10) Concurrent Mark Cycle 139.503ms
[02:04:54] [ServerMain/INFO]: Environment: Environment[sessionHost=https://sessionserver.mojang.com, servicesHost=https://api.minecraftservices.com, profilesHost=https://api.mojang.com, name=PROD]
[02:04:55] [Worker-Main-3/INFO]: No existing world data, creating new world
[02:04:56] [ServerMain/INFO]: Loaded 1585 recipes
[02:04:56] [ServerMain/INFO]: Loaded 1688 advancements
[16.134s][info][gc] GC(11) Pause Young (Prepare Mixed) (G1 Evacuation Pause) 676M->112M(1024M) 42.268ms
[02:04:56] [Server thread/INFO]: Starting minecraft server version 26.2
[02:04:56] [Server thread/INFO]: Loading properties
[02:04:56] [Server thread/INFO]: Default game type: SURVIVAL
[02:04:56] [Server thread/INFO]: Generating keypair
[02:04:56] [Server thread/INFO]: Starting Minecraft server on *:25565
[02:04:57] [Server thread/WARN]: **** SERVER IS RUNNING IN OFFLINE/INSECURE MODE!
[02:04:57] [Server thread/WARN]: The server will make no attempt to authenticate usernames. Beware.
[02:04:57] [Server thread/WARN]: While this makes the game possible to play without internet access, it also opens up the ability for hackers to connect with any username they choose.
[02:04:57] [Server thread/WARN]: To change this, set "online-mode" to "true" in the server.properties file.
[02:04:57] [Server thread/INFO]: Preparing level "world"
[02:04:57] [Server thread/INFO]: Selecting global world spawn...
[02:05:00] [Server thread/INFO]: Loading 0 persistent chunks...
[02:05:00] [Server thread/INFO]: Preparing spawn area: 100%
[02:05:00] [Server thread/INFO]: Time elapsed: 3067 ms
[02:05:00] [Server thread/INFO]: Done (3.263s)! For help, type "help"
[02:05:00] [Server thread/INFO]: Starting remote control listener
[02:05:00] [Server thread/INFO]: Thread RCON Listener started
[02:05:00] [Server thread/INFO]: RCON running on 0.0.0.0:25575
[02:05:00] [Server thread/INFO]: Saving chunks for level 'ServerLevel[world]'/minecraft:overworld
[02:05:00] [Server thread/INFO]: Saving chunks for level 'ServerLevel[world]'/minecraft:the_end
[02:05:00] [Server thread/INFO]: Saving chunks for level 'ServerLevel[world]'/minecraft:the_nether
[02:05:00] [Server thread/INFO]: ThreadedAnvilChunkStorage (world): All chunks are saved
[02:05:00] [Server thread/INFO]: ThreadedAnvilChunkStorage (DIM1): All chunks are saved
[02:05:00] [Server thread/INFO]: ThreadedAnvilChunkStorage (DIM-1): All chunks are saved
[02:05:00] [Server thread/INFO]: ThreadedAnvilChunkStorage: All dimensions are saved
[20.885s][info][gc] GC(12) Pause Young (Mixed) (G1 Evacuation Pause) 677M->133M(1024M) 37.235ms
[27.514s][info][gc] GC(13) Pause Young (Normal) (G1 Evacuation Pause) 700M->153M(1024M) 35.607ms
[02:05:09] [Server thread/INFO]: YardSurvey[/127.0.0.1:60508] logged in with entity id 17 at (-124.5, 69.0, 409.5)
[02:05:09] [Server thread/INFO]: YardSurvey joined the game
[02:05:09] [Server thread/INFO]: Changed the block at -125, 75, 417
[02:05:09] [Server thread/INFO]: Changed the block at -119, 75, 401
[02:05:09] [Server thread/INFO]: Changed the block at -119, 75, 417
[02:05:09] [Server thread/INFO]: Changed the block at -113, 75, 401
[02:05:09] [Server thread/INFO]: Changed the block at -113, 75, 417
[02:05:09] [Server thread/INFO]: Changed the block at -107, 75, 401
[02:05:09] [Server thread/INFO]: Changed the block at -107, 75, 417
[02:05:09] [Server thread/INFO]: Changed the block at -101, 75, 401
[02:05:09] [Server thread/INFO]: Changed the block at -101, 75, 417
[02:05:09] [Server thread/INFO]: Set the world spawn point to -125, 70, 409 [0.0, 0.0] in minecraft:overworld
[29.904s][info][gc] GC(14) Pause Young (Normal) (G1 Evacuation Pause) 724M->169M(1024M) 22.526ms
[32.045s][info][gc] GC(15) Pause Young (Normal) (G1 Evacuation Pause) 733M->182M(1024M) 28.110ms
[02:05:18] [Server thread/INFO]: Successfully filled 1537 block(s)
[02:05:18] [Server thread/INFO]: Successfully filled 702 block(s)
[02:05:18] [Server thread/INFO]: Successfully filled 53 block(s)
[02:05:18] [Server thread/INFO]: Successfully filled 53 block(s)
[02:05:18] [Server thread/INFO]: Successfully filled 27 block(s)
[02:05:18] [Server thread/INFO]: Successfully filled 27 block(s)
[02:05:18] [Server thread/INFO]: Changed the block at -139, 70, 397
[02:05:18] [Server thread/INFO]: Changed the block at -137, 70, 397
[02:05:18] [Server thread/INFO]: Changed the block at -135, 70, 397
[02:05:18] [Server thread/INFO]: Changed the block at -133, 70, 397
[02:05:18] [Server thread/INFO]: Changed the block at -131, 70, 397
[02:05:18] [Server thread/INFO]: Changed the block at -129, 70, 397
[02:05:18] [Server thread/INFO]: Changed the block at -127, 70, 397
[02:05:18] [Server thread/INFO]: Changed the block at -125, 70, 397
[02:05:18] [Server thread/INFO]: Changed the block at -139, 70, 398
[02:05:18] [Server thread/INFO]: Changed the block at -137, 70, 398
[02:05:18] [Server thread/INFO]: Changed the block at -135, 70, 398
[02:05:18] [Server thread/INFO]: Changed the block at -133, 70, 398
[02:05:18] [Server thread/INFO]: Changed the block at -131, 70, 398
[02:05:18] [Server thread/INFO]: Changed the block at -129, 70, 398
[02:05:18] [Server thread/INFO]: Changed the block at -127, 70, 398
[02:05:18] [Server thread/INFO]: Changed the block at -125, 70, 398
[02:05:18] [Server thread/INFO]: Changed the block at -143, 70, 397
[02:05:18] [Server thread/INFO]: Changed the block at -141, 70, 397
[02:05:18] [Server thread/INFO]: Successfully filled 3 block(s)
[02:05:18] [Server thread/INFO]: Changed the block at -127, 71, 397
[02:05:18] [Server thread/INFO]: Changed the block at -143, 70, 403
[02:05:18] [Server thread/INFO]: Changed the block at -141, 70, 403
[02:05:18] [Server thread/INFO]: Changed the block at -139, 70, 403
[02:05:18] [Server thread/INFO]: Changed the block at -137, 70, 403
[02:05:18] [Server thread/INFO]: Changed the block at -135, 70, 403
[02:05:18] [Server thread/INFO]: Changed the block at -133, 70, 403
[02:05:18] [Server thread/INFO]: Changed the block at -143, 70, 405
[02:05:18] [Server thread/INFO]: Changed the block at -141, 70, 405
[02:05:18] [Server thread/INFO]: Changed the block at -139, 70, 405
[02:05:18] [Server thread/INFO]: Changed the block at -137, 70, 405
[02:05:18] [Server thread/INFO]: Changed the block at -135, 70, 405
[02:05:18] [Server thread/INFO]: Changed the block at -133, 70, 405
[02:05:18] [Server thread/INFO]: Changed the block at -119, 70, 403
[02:05:18] [Server thread/INFO]: Changed the block at -117, 70, 403
[02:05:18] [Server thread/INFO]: Changed the block at -115, 70, 403
[02:05:18] [Server thread/INFO]: Changed the block at -113, 70, 403
[02:05:18] [Server thread/INFO]: Changed the block at -111, 70, 403
[02:05:18] [Server thread/INFO]: Changed the block at -120, 71, 403
[02:05:18] [Server thread/INFO]: Successfully filled 49 block(s)
[02:05:18] [Server thread/INFO]: Successfully filled 25 block(s)
[02:05:18] [Server thread/INFO]: Changed the block at -109, 71, 395
[02:05:18] [Server thread/INFO]: Changed the block at -109, 71, 401
[02:05:18] [Server thread/INFO]: Changed the block at -108, 71, 395
[02:05:18] [Server thread/INFO]: Changed the block at -108, 71, 401
[02:05:18] [Server thread/INFO]: Changed the block at -107, 71, 395
[02:05:18] [Server thread/INFO]: Changed the block at -107, 71, 401
[02:05:18] [Server thread/INFO]: Changed the block at -106, 71, 395
[02:05:18] [Server thread/INFO]: Changed the block at -106, 71, 401
[02:05:18] [Server thread/INFO]: Changed the block at -105, 71, 395
[02:05:18] [Server thread/INFO]: Changed the block at -105, 71, 401
[02:05:18] [Server thread/INFO]: Changed the block at -104, 71, 395
[02:05:18] [Server thread/INFO]: Changed the block at -104, 71, 401
[02:05:18] [Server thread/INFO]: Changed the block at -103, 71, 395
[02:05:18] [Server thread/INFO]: Changed the block at -103, 71, 401
[02:05:18] [Server thread/INFO]: Could not set the block
[02:05:18] [Server thread/INFO]: Could not set the block
[02:05:18] [Server thread/INFO]: Changed the block at -109, 71, 396
[02:05:18] [Server thread/INFO]: Changed the block at -103, 71, 396
[02:05:18] [Server thread/INFO]: Changed the block at -109, 71, 397
[02:05:18] [Server thread/INFO]: Changed the block at -103, 71, 397
[02:05:18] [Server thread/INFO]: Changed the block at -109, 71, 398
[02:05:18] [Server thread/INFO]: Changed the block at -103, 71, 398
[02:05:18] [Server thread/INFO]: Changed the block at -109, 71, 399
[02:05:18] [Server thread/INFO]: Changed the block at -103, 71, 399
[02:05:18] [Server thread/INFO]: Changed the block at -109, 71, 400
[02:05:18] [Server thread/INFO]: Changed the block at -103, 71, 400
[02:05:18] [Server thread/INFO]: Could not set the block
[02:05:18] [Server thread/INFO]: Could not set the block
[02:05:18] [Server thread/INFO]: Changed the block at -107, 72, 395
[02:05:18] [Server thread/INFO]: Changed the block at -145, 70, 413
[02:05:18] [Server thread/INFO]: Changed the block at -140, 70, 413
[02:05:18] [Server thread/INFO]: Changed the block at -135, 70, 413
[02:05:18] [Server thread/INFO]: Changed the block at -130, 70, 413
[02:05:18] [Server thread/INFO]: Changed the block at -125, 70, 413
[02:05:18] [Server thread/INFO]: Changed the block at -120, 70, 413
[02:05:18] [Server thread/INFO]: Changed the block at -115, 70, 413
[02:05:18] [Server thread/INFO]: Changed the block at -110, 70, 413
[02:05:18] [Server thread/INFO]: Changed the block at -105, 70, 413
[02:05:18] [Server thread/INFO]: Changed the block at -147, 71, 413
[02:05:18] [Server thread/INFO]: Changed the block at -145, 70, 415
[02:05:18] [Server thread/INFO]: Changed the block at -140, 70, 415
[02:05:18] [Server thread/INFO]: Changed the block at -135, 70, 415
[02:05:18] [Server thread/INFO]: Changed the block at -130, 70, 415
[02:05:18] [Server thread/INFO]: Changed the block at -125, 70, 415
[02:05:18] [Server thread/INFO]: Changed the block at -120, 70, 415
[02:05:18] [Server thread/INFO]: Changed the block at -115, 70, 415
[02:05:18] [Server thread/INFO]: Changed the block at -110, 70, 415
[02:05:18] [Server thread/INFO]: Changed the block at -105, 70, 415
[02:05:18] [Server thread/INFO]: Changed the block at -147, 71, 415
[02:05:18] [Server thread/INFO]: Changed the block at -145, 70, 417
[02:05:18] [Server thread/INFO]: Changed the block at -140, 70, 417
[02:05:18] [Server thread/INFO]: Changed the block at -135, 70, 417
[02:05:18] [Server thread/INFO]: Changed the block at -130, 70, 417
[02:05:18] [Server thread/INFO]: Changed the block at -125, 70, 417
[02:05:18] [Server thread/INFO]: Changed the block at -120, 70, 417
[02:05:18] [Server thread/INFO]: Changed the block at -115, 70, 417
[02:05:18] [Server thread/INFO]: Changed the block at -110, 70, 417
[02:05:18] [Server thread/INFO]: Changed the block at -105, 70, 417
[02:05:18] [Server thread/INFO]: Changed the block at -147, 71, 417
[02:05:18] [Server thread/INFO]: Changed the block at -145, 70, 419
[02:05:18] [Server thread/INFO]: Changed the block at -140, 70, 419
[02:05:18] [Server thread/INFO]: Changed the block at -135, 70, 419
[02:05:18] [Server thread/INFO]: Changed the block at -130, 70, 419
[02:05:18] [Server thread/INFO]: Changed the block at -125, 70, 419
[02:05:18] [Server thread/INFO]: Changed the block at -120, 70, 419
[02:05:18] [Server thread/INFO]: Changed the block at -115, 70, 419
[02:05:18] [Server thread/INFO]: Changed the block at -110, 70, 419
[02:05:18] [Server thread/INFO]: Changed the block at -105, 70, 419
[02:05:18] [Server thread/INFO]: Changed the block at -147, 71, 419
[02:05:18] [Server thread/INFO]: Changed the block at -145, 70, 421
[02:05:18] [Server thread/INFO]: Changed the block at -140, 70, 421
[02:05:18] [Server thread/INFO]: Changed the block at -135, 70, 421
[02:05:18] [Server thread/INFO]: Changed the block at -130, 70, 421
[02:05:18] [Server thread/INFO]: Changed the block at -125, 70, 421
[02:05:18] [Server thread/INFO]: Changed the block at -120, 70, 421
[02:05:18] [Server thread/INFO]: Changed the block at -115, 70, 421
[02:05:18] [Server thread/INFO]: Changed the block at -110, 70, 421
[02:05:18] [Server thread/INFO]: Changed the block at -105, 70, 421
[02:05:18] [Server thread/INFO]: Changed the block at -147, 71, 421
[02:05:18] [Server thread/INFO]: Changed the block at -145, 70, 423
[02:05:18] [Server thread/INFO]: Changed the block at -140, 70, 423
[02:05:18] [Server thread/INFO]: Changed the block at -135, 70, 423
[02:05:18] [Server thread/INFO]: Changed the block at -130, 70, 423
[02:05:18] [Server thread/INFO]: Changed the block at -125, 70, 423
[02:05:18] [Server thread/INFO]: Changed the block at -120, 70, 423
[02:05:18] [Server thread/INFO]: Changed the block at -115, 70, 423
[02:05:18] [Server thread/INFO]: Changed the block at -110, 70, 423
[02:05:18] [Server thread/INFO]: Changed the block at -105, 70, 423
[02:05:18] [Server thread/INFO]: Changed the block at -147, 71, 423
[02:05:18] [Server thread/INFO]: Successfully filled 20 block(s)
[02:05:18] [Server thread/INFO]: Successfully filled 6 block(s)
[02:05:18] [Server thread/INFO]: Changed the block at -107, 75, 407
[02:05:18] [Server thread/INFO]: Changed the block at -146, 70, 406
[02:05:18] [Server thread/INFO]: Changed the block at -146, 70, 407
[02:05:18] [Server thread/INFO]: Changed the block at -146, 70, 408
[02:05:18] [Server thread/INFO]: Changed the block at -145, 70, 406
[02:05:18] [Server thread/INFO]: Changed the block at -145, 70, 408
[02:05:18] [Server thread/INFO]: Changed the block at -144, 70, 406
[02:05:18] [Server thread/INFO]: Changed the block at -144, 70, 407
[02:05:18] [Server thread/INFO]: Changed the block at -144, 70, 408
[02:05:18] [Server thread/INFO]: Successfully filled 1 block(s)
[02:05:18] [Server thread/INFO]: Changed the block at -146, 72, 405
[02:05:18] [Server thread/INFO]: Changed the block at -125, 70, 409
[02:05:18] [Server thread/INFO]: Changed the block at -125, 70, 410
[02:05:18] [Server thread/INFO]: Changed the block at -149, 75, 401
[02:05:18] [Server thread/INFO]: Changed the block at -149, 75, 417
[02:05:18] [Server thread/INFO]: Changed the block at -143, 75, 401
[02:05:18] [Server thread/INFO]: Changed the block at -143, 75, 417
[02:05:18] [Server thread/INFO]: Changed the block at -137, 75, 401
[02:05:18] [Server thread/INFO]: Changed the block at -137, 75, 417
[02:05:18] [Server thread/INFO]: Changed the block at -131, 75, 401
[02:05:18] [Server thread/INFO]: Changed the block at -131, 75, 417
[02:05:18] [Server thread/INFO]: Changed the block at -125, 75, 401
[02:05:18] [Server thread/INFO]: Changed the block at -125, 75, 417
[02:05:18] [Server thread/INFO]: Changed the block at -119, 75, 401
[02:05:18] [Server thread/INFO]: Changed the block at -119, 75, 417
[02:05:18] [Server thread/INFO]: Changed the block at -113, 75, 401
[02:05:18] [Server thread/INFO]: Changed the block at -113, 75, 417
[02:05:18] [Server thread/INFO]: Changed the block at -107, 75, 401
[02:05:18] [Server thread/INFO]: Changed the block at -107, 75, 417
[02:05:18] [Server thread/INFO]: Changed the block at -101, 75, 401
[02:05:18] [Server thread/INFO]: Changed the block at -101, 75, 417
[02:05:18] [Server thread/INFO]: Set the world spawn point to -125, 70, 409 [0.0, 0.0] in minecraft:overworld
[02:05:21] [Server thread/INFO]: YardSurvey lost connection: Disconnected
[02:05:21] [Server thread/INFO]: YardSurvey left the game
[41.379s][info][gc] GC(16) Pause Young (Normal) (G1 Evacuation Pause) 759M->211M(1024M) 33.011ms
[02:05:22] [Server thread/INFO]: F1[/127.0.0.1:33468] logged in with entity id 219 at (-134.5, 70.0, 399.5)
[02:05:22] [Server thread/INFO]: F1 joined the game
[42.331s][info][gc] GC(17) Pause Young (Normal) (G1 Evacuation Pause) 759M->197M(1024M) 23.568ms
[42.542s][info][gc] GC(18) Pause Young (Concurrent Start) (CodeCache GC Threshold) 380M->212M(1024M) 21.793ms
[42.542s][info][gc] GC(19) Concurrent Mark Cycle
[42.882s][info][gc] GC(19) Pause Remark 292M->292M(1024M) 26.722ms
[42.977s][info][gc] GC(19) Pause Cleanup 309M->309M(1024M) 0.051ms
[42.979s][info][gc] GC(19) Concurrent Mark Cycle 436.743ms
[02:05:24] [Server thread/INFO]: F2[/127.0.0.1:33480] logged in with entity id 272 at (-120.5, 79.0, 402.5)
[02:05:24] [Server thread/INFO]: F2 joined the game
[02:05:27] [Server thread/INFO]: F3[/127.0.0.1:33490] logged in with entity id 279 at (-121.5, 78.0, 401.5)
[02:05:27] [Server thread/INFO]: F3 joined the game
[02:05:29] [Server thread/INFO]: F4[/127.0.0.1:33498] logged in with entity id 280 at (-119.5, 70.0, 408.5)
[02:05:29] [Server thread/INFO]: F4 joined the game
[02:05:32] [Server thread/INFO]: F5[/127.0.0.1:58514] logged in with entity id 290 at (-122.5, 70.0, 400.5)
[02:05:32] [Server thread/INFO]: F5 joined the game
[52.437s][info][gc] GC(20) Pause Young (Prepare Mixed) (G1 Evacuation Pause) 790M->226M(1024M) 20.423ms
[02:05:34] [Server thread/INFO]: F6[/127.0.0.1:58526] logged in with entity id 297 at (-115.5, 70.0, 415.5)
[02:05:34] [Server thread/INFO]: F6 joined the game
[02:05:37] [Server thread/INFO]: F7[/127.0.0.1:58540] logged in with entity id 307 at (-114.5, 70.0, 414.5)
[02:05:37] [Server thread/INFO]: F7 joined the game
[02:05:40] [Server thread/INFO]: F8[/127.0.0.1:58544] logged in with entity id 311 at (-120.5, 70.0, 415.5)
[02:05:40] [Server thread/INFO]: F8 joined the game
[61.800s][info][gc] GC(21) Pause Young (Mixed) (G1 Evacuation Pause) 789M->235M(1024M) 26.696ms
[02:05:42] [Server thread/INFO]: F9[/127.0.0.1:59842] logged in with entity id 318 at (-128.5, 70.0, 403.5)
[02:05:42] [Server thread/INFO]: F9 joined the game
[02:05:45] [Server thread/INFO]: F10[/127.0.0.1:59854] logged in with entity id 322 at (-132.5, 70.0, 411.5)
[02:05:45] [Server thread/INFO]: F10 joined the game
[02:05:47] [Server thread/INFO]: F11[/127.0.0.1:59868] logged in with entity id 329 at (-132.5, 70.0, 414.5)
[02:05:47] [Server thread/INFO]: F11 joined the game
[02:05:50] [Server thread/INFO]: F12[/127.0.0.1:52222] logged in with entity id 337 at (-117.5, 70.0, 418.5)
[02:05:50] [Server thread/INFO]: F12 joined the game
[02:05:52] [Server thread/INFO]: F13[/127.0.0.1:52228] logged in with entity id 345 at (-122.5, 70.0, 405.5)
[02:05:52] [Server thread/INFO]: F13 joined the game
[75.544s][info][gc] GC(22) Pause Young (Normal) (G1 Evacuation Pause) 804M->242M(1024M) 22.592ms
[02:05:56] [Server thread/INFO]: F14[/127.0.0.1:52244] logged in with entity id 361 at (-129.5, 70.0, 404.5)
[02:05:56] [Server thread/INFO]: F14 joined the game
[02:05:59] [Server thread/INFO]: F15[/127.0.0.1:52254] logged in with entity id 372 at (-127.5, 70.0, 411.5)
[02:05:59] [Server thread/INFO]: F15 joined the game
[02:06:01] [Server thread/INFO]: F16[/127.0.0.1:37348] logged in with entity id 385 at (-125.5, 70.0, 417.5)
[02:06:01] [Server thread/INFO]: F16 joined the game
[02:06:04] [Server thread/INFO]: F17[/127.0.0.1:37356] logged in with entity id 392 at (-118.5, 70.0, 413.5)
[02:06:04] [Server thread/INFO]: F17 joined the game
[02:06:06] [Server thread/INFO]: F18[/127.0.0.1:37368] logged in with entity id 406 at (-123.5, 70.0, 401.5)
[02:06:06] [Server thread/INFO]: F18 joined the game
[02:06:09] [Server thread/INFO]: F19[/127.0.0.1:37382] logged in with entity id 420 at (-130.5, 70.0, 400.5)
[02:06:09] [Server thread/INFO]: F19 joined the game
[91.340s][info][gc] GC(23) Pause Young (Normal) (G1 Evacuation Pause) 819M->248M(1024M) 17.858ms
[02:06:23] [Server thread/INFO]: F4 has made the advancement [Stone Age]
[106.610s][info][gc] GC(24) Pause Young (Normal) (G1 Evacuation Pause) 819M->250M(1024M) 21.058ms
[02:06:32] [Server thread/INFO]: F4 has made the advancement [Getting an Upgrade]
[118.449s][info][gc] GC(25) Pause Young (Normal) (G1 Evacuation Pause) 836M->252M(1024M) 22.881ms
[02:06:49] [Server thread/INFO]: F1 has made the advancement [Stone Age]
[134.587s][info][gc] GC(26) Pause Young (Normal) (G1 Evacuation Pause) 835M->254M(1024M) 14.227ms
[02:06:59] [Server thread/INFO]: F1 has made the advancement [Getting an Upgrade]
[02:07:04] [Server thread/INFO]: F11 has made the advancement [Stone Age]
[150.189s][info][gc] GC(27) Pause Young (Normal) (G1 Evacuation Pause) (Evacuation Failure: Pinned) 836M->257M(1024M) 14.420ms
[02:07:18] [Server thread/INFO]: F14 has made the advancement [Stone Age]
[02:07:21] [Server thread/INFO]: F11 has made the advancement [Getting an Upgrade]
[02:07:22] [Server thread/INFO]: F19 has made the advancement [Stone Age]
[164.886s][info][gc] GC(28) Pause Young (Normal) (G1 Evacuation Pause) 838M->255M(1024M) 14.438ms
[02:07:25] [Server thread/INFO]: F6 has made the advancement [Stone Age]
[02:07:29] [Server thread/INFO]: F14 has made the advancement [Getting an Upgrade]
[02:07:32] [Server thread/INFO]: F10 has made the advancement [Stone Age]
[02:07:34] [Server thread/INFO]: F8 has made the advancement [Stone Age]
[02:07:34] [Server thread/INFO]: F6 has made the advancement [Getting an Upgrade]
[02:07:36] [Server thread/INFO]: F19 has made the advancement [Getting an Upgrade]
[178.833s][info][gc] GC(29) Pause Young (Normal) (G1 Evacuation Pause) 835M->255M(1024M) 14.113ms
[02:07:41] [Server thread/INFO]: F17 has made the advancement [Stone Age]
[02:07:42] [Server thread/INFO]: F10 has made the advancement [Getting an Upgrade]
[02:07:43] [Server thread/INFO]: F15 has made the advancement [Stone Age]
[02:07:43] [Server thread/INFO]: F8 has made the advancement [Getting an Upgrade]
[02:07:49] [Server thread/INFO]: F17 has made the advancement [Getting an Upgrade]
[02:07:52] [Server thread/INFO]: F16 has made the advancement [Stone Age]
[192.998s][info][gc] GC(30) Pause Young (Normal) (G1 Evacuation Pause) 835M->256M(1024M) 21.990ms
[02:07:54] [Server thread/INFO]: F5 has made the advancement [Stone Age]
[02:07:57] [Server thread/INFO]: F7 has made the advancement [Stone Age]
[02:08:02] [Server thread/INFO]: F16 has made the advancement [Getting an Upgrade]
[02:08:05] [Server thread/INFO]: F5 has made the advancement [Getting an Upgrade]
[02:08:06] [Server thread/INFO]: F7 has made the advancement [Getting an Upgrade]
[206.784s][info][gc] GC(31) Pause Young (Normal) (G1 Evacuation Pause) 835M->256M(1024M) 13.785ms
[02:08:13] [Server thread/INFO]: F3 has made the advancement [Stone Age]
[220.134s][info][gc] GC(32) Pause Young (Normal) (G1 Evacuation Pause) 835M->256M(1024M) 14.219ms
[02:08:25] [Server thread/INFO]: F18 has made the advancement [Stone Age]
[233.086s][info][gc] GC(33) Pause Young (Normal) (G1 Evacuation Pause) 835M->257M(1024M) 14.402ms
[02:08:40] [Server thread/INFO]: F15 has made the advancement [Getting an Upgrade]
[02:08:42] [Server thread/INFO]: F18 has made the advancement [Getting an Upgrade]
[245.784s][info][gc] GC(34) Pause Young (Normal) (G1 Evacuation Pause) 836M->256M(1024M) 13.412ms
[256.538s][info][gc] GC(35) Pause Young (Normal) (G1 Evacuation Pause) 835M->256M(1024M) 13.915ms
[267.162s][info][gc] GC(36) Pause Young (Normal) (G1 Evacuation Pause) 835M->259M(1024M) 18.085ms
[275.388s][info][gc] GC(37) Pause Young (Normal) (G1 Evacuation Pause) 847M->265M(1024M) 14.786ms
[284.186s][info][gc] GC(38) Pause Young (Normal) (G1 Evacuation Pause) 856M->270M(1024M) 13.511ms
[294.289s][info][gc] GC(39) Pause Young (Normal) (G1 Evacuation Pause) 862M->271M(1024M) 9.851ms
[02:09:40] [Server thread/INFO]: F3 fell from a high place
[304.035s][info][gc] GC(40) Pause Young (Normal) (G1 Evacuation Pause) 864M->273M(1024M) 10.535ms
[313.592s][info][gc] GC(41) Pause Young (Normal) (G1 Evacuation Pause) 869M->273M(1024M) 12.027ms
[322.833s][info][gc] GC(42) Pause Young (Normal) (G1 Evacuation Pause) 870M->273M(1024M) 11.310ms
[02:10:13] [Server thread/INFO]: F2 has made the advancement [Stone Age]
[333.884s][info][gc] GC(43) Pause Young (Normal) (G1 Evacuation Pause) 870M->273M(1024M) 12.755ms
[344.880s][info][gc] GC(44) Pause Young (Normal) (G1 Evacuation Pause) 870M->274M(1024M) 10.655ms
[02:10:28] [Server thread/INFO]: F12 has made the advancement [Stone Age]
[359.080s][info][gc] GC(45) Pause Young (Normal) (G1 Evacuation Pause) 871M->274M(1024M) 10.220ms
[367.888s][info][gc] GC(46) Pause Young (Normal) (G1 Evacuation Pause) 871M->278M(1024M) 14.997ms
[377.637s][info][gc] GC(47) Pause Young (Normal) (G1 Evacuation Pause) 871M->281M(1024M) 12.401ms
[384.536s][info][gc] GC(48) Pause Young (Normal) (G1 Evacuation Pause) 871M->282M(1024M) 13.188ms
[392.740s][info][gc] GC(49) Pause Young (Normal) (G1 Evacuation Pause) 871M->286M(1024M) 14.042ms
[402.032s][info][gc] GC(50) Pause Young (Normal) (G1 Evacuation Pause) 871M->285M(1024M) 12.753ms
[02:11:27] [Server thread/INFO]: F18 lost connection: Disconnected
[02:11:27] [Server thread/INFO]: F18 left the game
[410.685s][info][gc] GC(51) Pause Young (Normal) (G1 Evacuation Pause) 871M->287M(1024M) 15.586ms
[417.189s][info][gc] GC(52) Pause Young (Normal) (G1 Evacuation Pause) 874M->286M(1024M) 13.347ms
[422.139s][info][gc] GC(53) Pause Young (Normal) (G1 Evacuation Pause) (Evacuation Failure: Pinned) 878M->288M(1024M) 11.677ms
[428.288s][info][gc] GC(54) Pause Young (Normal) (G1 Evacuation Pause) 884M->288M(1024M) 11.581ms
[436.140s][info][gc] GC(55) Pause Young (Normal) (G1 Evacuation Pause) 884M->289M(1024M) 10.659ms
[02:12:01] [Server thread/WARN]: Mismatch in destroy block pos: BlockPos{x=-151, y=70, z=408} BlockPos{x=-122, y=64, z=412}
[442.379s][info][gc] GC(56) Pause Young (Normal) (G1 Evacuation Pause) 884M->288M(1024M) 9.790ms
[452.779s][info][gc] GC(57) Pause Young (Normal) (G1 Evacuation Pause) 885M->288M(1024M) 9.427ms
[461.279s][info][gc] GC(58) Pause Young (Normal) (G1 Evacuation Pause) 886M->288M(1024M) 8.821ms
[470.179s][info][gc] GC(59) Pause Young (Normal) (G1 Evacuation Pause) 886M->288M(1024M) 8.665ms
[479.479s][info][gc] GC(60) Pause Young (Normal) (G1 Evacuation Pause) 887M->288M(1024M) 9.674ms
[488.080s][info][gc] GC(61) Pause Young (Normal) (G1 Evacuation Pause) 887M->288M(1024M) 10.243ms
[02:12:54] [Server thread/INFO]: F19 lost connection: Disconnected
[02:12:54] [Server thread/INFO]: F19 left the game
[497.476s][info][gc] GC(62) Pause Young (Normal) (G1 Evacuation Pause) 891M->289M(1024M) 6.556ms
[02:13:00] [Server thread/INFO]: F2 has made the advancement [Getting an Upgrade]
[507.388s][info][gc] GC(63) Pause Young (Normal) (G1 Evacuation Pause) 894M->289M(1024M) 16.182ms
[519.026s][info][gc] GC(64) Pause Young (Normal) (G1 Evacuation Pause) 895M->289M(1024M) 5.841ms
[531.678s][info][gc] GC(65) Pause Young (Normal) (G1 Evacuation Pause) 898M->289M(1024M) 4.826ms
[544.275s][info][gc] GC(66) Pause Young (Normal) (G1 Evacuation Pause) 898M->290M(1024M) 4.609ms
[556.885s][info][gc] GC(67) Pause Young (Normal) (G1 Evacuation Pause) 899M->289M(1024M) 5.795ms
[02:14:00] [Server thread/INFO]: F19[/127.0.0.1:39988] logged in with entity id 4902 at (-86.3, 48.2, 388.3)
[02:14:00] [Server thread/INFO]: F19 joined the game
[02:14:01] [Server thread/INFO]: F18[/127.0.0.1:44142] logged in with entity id 4912 at (-118.7, 46.2, 400.500000167033)
[02:14:01] [Server thread/INFO]: F18 joined the game
[02:14:01] [Server thread/INFO]: F19 lost connection: Disconnected
[02:14:01] [Server thread/INFO]: F19 left the game
[02:14:05] [Server thread/INFO]: F19[/127.0.0.1:44152] logged in with entity id 4933 at (-86.3, 48.2, 388.3)
[02:14:05] [Server thread/INFO]: F19 joined the game
[567.877s][info][gc] GC(68) Pause Young (Normal) (G1 Evacuation Pause) 899M->291M(1024M) 5.665ms
[02:14:08] [Server thread/INFO]: F19 lost connection: Disconnected
[02:14:08] [Server thread/INFO]: F19 left the game
[02:14:11] [Server thread/INFO]: F18 lost connection: Disconnected
[02:14:11] [Server thread/INFO]: F18 left the game
[578.478s][info][gc] GC(69) Pause Young (Normal) (G1 Evacuation Pause) 899M->291M(1024M) 4.895ms
[02:14:23] [Server thread/INFO]: F18[/127.0.0.1:46734] logged in with entity id 5049 at (-118.7, 46.2, 400.500000167033)
[02:14:23] [Server thread/INFO]: F18 joined the game
[588.879s][info][gc] GC(70) Pause Young (Normal) (G1 Evacuation Pause) 899M->292M(1024M) 6.124ms
[02:14:35] [Server thread/WARN]: F5 moved wrongly!
[02:14:37] [Server thread/INFO]: F18 lost connection: Disconnected
[02:14:37] [Server thread/INFO]: F18 left the game
[02:14:39] [Server thread/INFO]: F12 has made the advancement [Getting an Upgrade]
[599.579s][info][gc] GC(71) Pause Young (Normal) (G1 Evacuation Pause) 899M->292M(1024M) 5.084ms
[02:14:48] [Server thread/INFO]: F19[/127.0.0.1:51768] logged in with entity id 5269 at (-86.3, 48.2, 388.3)
[02:14:48] [Server thread/INFO]: F19 joined the game
[02:14:49] [Server thread/INFO]: F19 lost connection: Disconnected
[02:14:49] [Server thread/INFO]: F19 left the game
[610.425s][info][gc] GC(72) Pause Young (Normal) (G1 Evacuation Pause) 899M->293M(1024M) 5.642ms
[02:14:54] [Server thread/INFO]: F3 has made the advancement [Getting an Upgrade]
[621.781s][info][gc] GC(73) Pause Young (Normal) (G1 Evacuation Pause) 900M->293M(1024M) 10.096ms
[02:15:06] [Server thread/INFO]: F16 lost connection: Disconnected
[02:15:06] [Server thread/INFO]: F16 left the game
[02:15:07] [Server thread/WARN]: handleDisconnection() called twice
[02:15:07] [Server thread/INFO]: F16[/127.0.0.1:59524] logged in with entity id 5432 at (-107.60497657592876, 63.0, 366.6856525461937)
[02:15:07] [Server thread/INFO]: F16 joined the game
[635.929s][info][gc] GC(74) Pause Young (Normal) (G1 Evacuation Pause) 900M->294M(1024M) 6.780ms
[02:15:19] [Server thread/INFO]: F12 lost connection: You logged in from another location
[02:15:19] [Server thread/INFO]: F12 left the game
[02:15:20] [Server thread/INFO]: F12[/127.0.0.1:33822] logged in with entity id 5512 at (-142.5, 66.0, 397.5032330340248)
[02:15:20] [Server thread/INFO]: F12 joined the game
[648.626s][info][gc] GC(75) Pause Young (Normal) (G1 Evacuation Pause) 900M->295M(1024M) 6.314ms
[02:15:40] [Server thread/INFO]: F4 was shot by Skeleton
[02:15:41] [Server thread/INFO]: F2 lost connection: Disconnected
[02:15:41] [Server thread/INFO]: F2 left the game
[665.478s][info][gc] GC(76) Pause Young (Normal) (G1 Evacuation Pause) 900M->295M(1024M) 6.041ms
[684.626s][info][gc] GC(77) Pause Young (Normal) (G1 Evacuation Pause) 900M->295M(1024M) 6.773ms
[704.328s][info][gc] GC(78) Pause Young (Normal) (G1 Evacuation Pause) 900M->295M(1024M) 5.750ms
[02:16:30] [Server thread/INFO]: F16 has made the advancement [Monster Hunter]
[724.276s][info][gc] GC(79) Pause Young (Normal) (G1 Evacuation Pause) 900M->294M(1024M) 5.679ms
[744.975s][info][gc] GC(80) Pause Young (Normal) (G1 Evacuation Pause) 900M->295M(1024M) 5.995ms
[02:17:16] [Server thread/INFO]: F13 has made the advancement [Monster Hunter]
[02:17:19] [Server thread/INFO]: F8 has made the advancement [Monster Hunter]
[761.128s][info][gc] GC(81) Pause Young (Normal) (G1 Evacuation Pause) 900M->296M(1024M) 7.197ms
[02:17:36] [Server thread/INFO]: F9 has made the advancement [Monster Hunter]
[778.625s][info][gc] GC(82) Pause Young (Normal) (G1 Evacuation Pause) 901M->296M(1024M) 5.889ms
[796.776s][info][gc] GC(83) Pause Young (Normal) (G1 Evacuation Pause) 901M->297M(1024M) 6.530ms
[811.240s][info][gc] GC(84) Pause Young (Normal) (G1 Evacuation Pause) 901M->301M(1024M) 14.915ms
[830.977s][info][gc] GC(85) Pause Young (Normal) (G1 Evacuation Pause) 902M->300M(1024M) 7.650ms
[02:18:36] [Server thread/INFO]: F3 was shot by Skeleton
[849.479s][info][gc] GC(86) Pause Young (Normal) (G1 Evacuation Pause) 902M->300M(1024M) 6.615ms
[02:18:57] [Server thread/INFO]: F6 has made the advancement [Monster Hunter]
[02:18:59] [Server thread/INFO]: F1 lost connection: Disconnected
[02:18:59] [Server thread/INFO]: F1 left the game
[02:18:59] [Server thread/INFO]: F3 lost connection: Disconnected
[02:18:59] [Server thread/INFO]: F3 left the game
[02:18:59] [Server thread/INFO]: F4 lost connection: Disconnected
[02:18:59] [Server thread/INFO]: F4 left the game
[02:18:59] [Server thread/INFO]: F5 lost connection: Disconnected
[02:18:59] [Server thread/INFO]: F5 left the game
[02:18:59] [Server thread/INFO]: F6 lost connection: Disconnected
[02:18:59] [Server thread/INFO]: F6 left the game
[02:18:59] [Server thread/INFO]: F7 lost connection: Disconnected
[02:18:59] [Server thread/INFO]: F7 left the game
[02:18:59] [Server thread/INFO]: F8 lost connection: Disconnected
[02:18:59] [Server thread/INFO]: F8 left the game
[02:18:59] [Server thread/INFO]: F9 lost connection: Disconnected
[02:18:59] [Server thread/INFO]: F9 left the game
[02:18:59] [Server thread/INFO]: F10 lost connection: Disconnected
[02:18:59] [Server thread/INFO]: F10 left the game
[02:18:59] [Server thread/INFO]: F11 lost connection: Disconnected
[02:18:59] [Server thread/INFO]: F11 left the game
[02:18:59] [Server thread/INFO]: F13 lost connection: Disconnected
[02:18:59] [Server thread/INFO]: F13 left the game
[02:18:59] [Server thread/INFO]: F14 lost connection: Disconnected
[02:18:59] [Server thread/INFO]: F14 left the game
[02:18:59] [Server thread/INFO]: F15 lost connection: Disconnected
[02:18:59] [Server thread/INFO]: F15 left the game
[02:18:59] [Server thread/INFO]: F17 lost connection: Disconnected
[02:18:59] [Server thread/INFO]: F17 left the game
[02:18:59] [Server thread/INFO]: F16 lost connection: Disconnected
[02:18:59] [Server thread/INFO]: F16 left the game
[02:18:59] [Server thread/INFO]: F12 lost connection: Disconnected
[02:18:59] [Server thread/INFO]: F12 left the game
[859.541s][info][gc] GC(87) Pause Young (Normal) (G1 Evacuation Pause) 903M->330M(1024M) 34.250ms
