2026-09-20T13:22:02.8619971Z Current runner version: '2.337.0'
2026-09-20T13:22:02.8655610Z ##[group]Runner Image Provisioner
2026-09-20T13:22:02.8656985Z Hosted Compute Agent
2026-09-20T13:22:02.8658098Z Version: 20260828.587
2026-09-20T13:22:02.8659141Z Commit: abac92662cab4cc7352de4f9f9d2e2419aad9c29
2026-09-20T13:22:02.8660425Z Build Date: 2026-08-28T16:44:25Z
2026-09-20T13:22:02.8661846Z Worker ID: {f2041423-25f7-4834-b611-dec633e6047d}
2026-09-20T13:22:02.8663134Z Azure Region: eastus
2026-09-20T13:22:02.8664136Z ##[endgroup]
2026-09-20T13:22:02.8666405Z ##[group]Operating System
2026-09-20T13:22:02.8667570Z Ubuntu
2026-09-20T13:22:02.8668442Z 24.04.5
2026-09-20T13:22:02.8669276Z LTS
2026-09-20T13:22:02.8670227Z ##[endgroup]
2026-09-20T13:22:02.8671455Z ##[group]Runner Image
2026-09-20T13:22:02.8672588Z Image: ubuntu-24.04
2026-09-20T13:22:02.8673543Z Version: 20260907.300.1
2026-09-20T13:22:02.8675767Z Included Software: https://github.com/actions/runner-images/blob/ubuntu24/20260907.300/images/ubuntu/Ubuntu2404-Readme.md
2026-09-20T13:22:02.8678415Z Image Release: https://github.com/actions/runner-images/releases/tag/ubuntu24%2F20260907.300
2026-09-20T13:22:02.8680984Z ##[endgroup]
2026-09-20T13:22:02.8682966Z ##[group]GITHUB_TOKEN Permissions
2026-09-20T13:22:02.8686080Z Contents: read
2026-09-20T13:22:02.8687049Z Metadata: read
2026-09-20T13:22:02.8688126Z Packages: read
2026-09-20T13:22:02.8689037Z ##[endgroup]
2026-09-20T13:22:02.8692480Z Secret source: Actions
2026-09-20T13:22:02.8693997Z Cache mode: write
2026-09-20T13:22:02.8695548Z Prepare workflow directory
2026-09-20T13:22:02.9268990Z Prepare all required actions
2026-09-20T13:22:02.9340182Z Getting action download info
2026-09-20T13:22:03.1162494Z Download action repository 'actions/checkout@v4' (SHA:11d5960a326750d5838078e36cf38b85af677262)
2026-09-20T13:22:03.2487721Z Download action repository 'actions/setup-java@v4' (SHA:cf277c60eb25467037889841efdb72551f06f6c3)
2026-09-20T13:22:03.4857075Z Download action repository 'actions/setup-node@v4' (SHA:49933ea5288caeca8642d1e84afbd3f7d6820020)
2026-09-20T13:22:03.6185829Z Download action repository 'actions/cache@v4' (SHA:0057852bfaa89a56745cba8c7296529d2fc39830)
2026-09-20T13:22:03.7929640Z Download action repository 'actions/upload-artifact@v4' (SHA:ea165f8d65b6e75b540449e92b4886f43607fa02)
2026-09-20T13:22:04.0799239Z Complete job name: Big fleet run (19 bots, optional)
2026-09-20T13:22:04.1850417Z Node 20 is being deprecated. This workflow is running with Node 24 by default. If you need to temporarily use Node 20, you can set the ACTIONS_ALLOW_USE_UNSECURE_NODE_VERSION=true environment variable. For more information see: https://github.blog/changelog/2025-09-19-deprecation-of-node-20-on-github-actions-runners/
2026-09-20T13:22:04.1864546Z ##[group]Run actions/checkout@v4
2026-09-20T13:22:04.1866656Z with:
2026-09-20T13:22:04.1867553Z   repository: PLANETA9091/privateB
2026-09-20T13:22:04.1876526Z   token: ***
2026-09-20T13:22:04.1877372Z   ssh-strict: true
2026-09-20T13:22:04.1878214Z   ssh-user: git
2026-09-20T13:22:04.1879102Z   persist-credentials: true
2026-09-20T13:22:04.1880054Z   clean: true
2026-09-20T13:22:04.1881228Z   sparse-checkout-cone-mode: true
2026-09-20T13:22:04.1882272Z   fetch-depth: 1
2026-09-20T13:22:04.1883111Z   fetch-tags: false
2026-09-20T13:22:04.1883959Z   show-progress: true
2026-09-20T13:22:04.1884814Z   lfs: false
2026-09-20T13:22:04.1885641Z   submodules: false
2026-09-20T13:22:04.1886509Z   set-safe-directory: true
2026-09-20T13:22:04.1887617Z   allow-unsafe-pr-checkout: false
2026-09-20T13:22:04.1889755Z env:
2026-09-20T13:22:04.1890819Z   NODE_OPTIONS: --max-old-space-size=3584
2026-09-20T13:22:04.1891915Z ##[endgroup]
2026-09-20T13:22:04.2986885Z Syncing repository: PLANETA9091/privateB
2026-09-20T13:22:04.2989953Z ##[group]Getting Git version info
2026-09-20T13:22:04.2991738Z Working directory is '/home/runner/work/privateB/privateB'
2026-09-20T13:22:04.2993874Z [command]/usr/bin/git version
2026-09-20T13:22:04.3089125Z git version 2.55.0
2026-09-20T13:22:04.3116857Z ##[endgroup]
2026-09-20T13:22:04.3133108Z Temporarily overriding HOME='/home/runner/work/_temp/8b87c79f-0bd7-4711-8724-2cbdb9a41044' before making global git config changes
2026-09-20T13:22:04.3138237Z Adding repository directory to the temporary git global config as a safe directory
2026-09-20T13:22:04.3142576Z [command]/usr/bin/git config --global --add safe.directory /home/runner/work/privateB/privateB
2026-09-20T13:22:04.3205624Z Deleting the contents of '/home/runner/work/privateB/privateB'
2026-09-20T13:22:04.3211229Z ##[group]Initializing the repository
2026-09-20T13:22:04.3295526Z [command]/usr/bin/git init /home/runner/work/privateB/privateB
2026-09-20T13:22:04.3331661Z hint: Using 'master' as the name for the initial branch. This default branch name
2026-09-20T13:22:04.3333649Z hint: will change to "main" in Git 3.0. To configure the initial branch name
2026-09-20T13:22:04.3335507Z hint: to use in all of your new repositories, which will suppress this warning,
2026-09-20T13:22:04.3336969Z hint: call:
2026-09-20T13:22:04.3337746Z hint:
2026-09-20T13:22:04.3338714Z hint: 	git config --global init.defaultBranch <name>
2026-09-20T13:22:04.3339918Z hint:
2026-09-20T13:22:04.3341287Z hint: Names commonly chosen instead of 'master' are 'main', 'trunk' and
2026-09-20T13:22:04.3343385Z hint: 'development'. The just-created branch can be renamed via this command:
2026-09-20T13:22:04.3344890Z hint:
2026-09-20T13:22:04.3345684Z hint: 	git branch -m <name>
2026-09-20T13:22:04.3346591Z hint:
2026-09-20T13:22:04.3347841Z hint: Disable this message with "git config set advice.defaultBranchName false"
2026-09-20T13:22:04.3354122Z Initialized empty Git repository in /home/runner/work/privateB/privateB/.git/
2026-09-20T13:22:04.3373117Z [command]/usr/bin/git remote add origin https://github.com/PLANETA9091/privateB
2026-09-20T13:22:04.3431238Z ##[endgroup]
2026-09-20T13:22:04.3432761Z ##[group]Disabling automatic garbage collection
2026-09-20T13:22:04.3434085Z [command]/usr/bin/git config --local gc.auto 0
2026-09-20T13:22:04.3469167Z ##[endgroup]
2026-09-20T13:22:04.3471972Z ##[group]Setting up auth
2026-09-20T13:22:04.3477301Z [command]/usr/bin/git config --local --name-only --get-regexp core\.sshCommand
2026-09-20T13:22:04.3519881Z [command]/usr/bin/git submodule foreach --recursive sh -c "git config --local --name-only --get-regexp 'core\.sshCommand' && git config --local --unset-all 'core.sshCommand' || :"
2026-09-20T13:22:04.3934115Z [command]/usr/bin/git config --local --name-only --get-regexp http\.https\:\/\/github\.com\/\.extraheader
2026-09-20T13:22:04.3973636Z [command]/usr/bin/git submodule foreach --recursive sh -c "git config --local --name-only --get-regexp 'http\.https\:\/\/github\.com\/\.extraheader' && git config --local --unset-all 'http.https://github.com/.extraheader' || :"
2026-09-20T13:22:04.4202256Z [command]/usr/bin/git config --local --name-only --get-regexp ^includeIf\.gitdir:
2026-09-20T13:22:04.4241765Z [command]/usr/bin/git submodule foreach --recursive git config --local --show-origin --name-only --get-regexp remote.origin.url
2026-09-20T13:22:04.4473133Z [command]/usr/bin/git config --local http.https://github.com/.extraheader AUTHORIZATION: basic ***
2026-09-20T13:22:04.4513383Z ##[endgroup]
2026-09-20T13:22:04.4524170Z ##[group]Fetching the repository
2026-09-20T13:22:04.4528996Z [command]/usr/bin/git -c protocol.version=2 fetch --no-tags --prune --no-recurse-submodules --depth=1 origin +8ad10b068c576bab72381aa7006a422d5a80dd40:refs/remotes/origin/master
2026-09-20T13:22:04.7302146Z From https://github.com/PLANETA9091/privateB
2026-09-20T13:22:04.7302973Z  * [new ref]         8ad10b068c576bab72381aa7006a422d5a80dd40 -> origin/master
2026-09-20T13:22:04.7313722Z ##[endgroup]
2026-09-20T13:22:04.7314677Z ##[group]Determining the checkout info
2026-09-20T13:22:04.7315761Z ##[endgroup]
2026-09-20T13:22:04.7316832Z [command]/usr/bin/git sparse-checkout disable
2026-09-20T13:22:04.7369741Z [command]/usr/bin/git config --local --unset-all extensions.worktreeConfig
2026-09-20T13:22:04.7402704Z ##[group]Checking out the ref
2026-09-20T13:22:04.7407627Z [command]/usr/bin/git checkout --progress --force -B master refs/remotes/origin/master
2026-09-20T13:22:04.7701506Z Reset branch 'master'
2026-09-20T13:22:04.7707305Z branch 'master' set up to track 'origin/master'.
2026-09-20T13:22:04.7715677Z ##[endgroup]
2026-09-20T13:22:04.7759689Z [command]/usr/bin/git log -1 --format=%H
2026-09-20T13:22:04.7787754Z 8ad10b068c576bab72381aa7006a422d5a80dd40
2026-09-20T13:22:04.8070295Z Node 20 is being deprecated. This workflow is running with Node 24 by default. If you need to temporarily use Node 20, you can set the ACTIONS_ALLOW_USE_UNSECURE_NODE_VERSION=true environment variable. For more information see: https://github.blog/changelog/2025-09-19-deprecation-of-node-20-on-github-actions-runners/
2026-09-20T13:22:04.8072387Z ##[group]Run actions/setup-java@v4
2026-09-20T13:22:04.8072700Z with:
2026-09-20T13:22:04.8072943Z   distribution: temurin
2026-09-20T13:22:04.8073215Z   java-version: 25
2026-09-20T13:22:04.8073473Z   java-package: jdk
2026-09-20T13:22:04.8073757Z   check-latest: false
2026-09-20T13:22:04.8074019Z   server-id: github
2026-09-20T13:22:04.8074292Z   server-username: GITHUB_ACTOR
2026-09-20T13:22:04.8074605Z   server-password: GITHUB_TOKEN
2026-09-20T13:22:04.8074911Z   overwrite-settings: true
2026-09-20T13:22:04.8075202Z   job-status: success
2026-09-20T13:22:04.8077689Z   token: ***
2026-09-20T13:22:04.8077932Z env:
2026-09-20T13:22:04.8078242Z   NODE_OPTIONS: --max-old-space-size=3584
2026-09-20T13:22:04.8078577Z ##[endgroup]
2026-09-20T13:22:04.9898453Z ##[warning]setup-java v4 is deprecated and will no longer receive updates. Please migrate to actions/setup-java@v5.
2026-09-20T13:22:04.9906758Z ##[group]Installed distributions
2026-09-20T13:22:05.0031992Z Resolved Java 25.0.4+1 from tool-cache
2026-09-20T13:22:05.0032667Z Setting Java 25.0.4+1 as the default
2026-09-20T13:22:05.0043105Z (node:2272) [DEP0040] DeprecationWarning: The `punycode` module is deprecated. Please use a userland alternative instead.
2026-09-20T13:22:05.0044076Z (Use `node --trace-deprecation ...` to show where the warning was created)
2026-09-20T13:22:05.0047433Z Creating toolchains.xml for JDK version 25 from temurin
2026-09-20T13:22:05.0127935Z Writing to /home/runner/.m2/toolchains.xml
2026-09-20T13:22:05.0128465Z 
2026-09-20T13:22:05.0128700Z Java configuration:
2026-09-20T13:22:05.0129244Z   Distribution: temurin
2026-09-20T13:22:05.0129838Z   Version: 25.0.4+1
2026-09-20T13:22:05.0130784Z   Path: /opt/hostedtoolcache/Java_Temurin-Hotspot_jdk/25.0.4-1/x64
2026-09-20T13:22:05.0131422Z 
2026-09-20T13:22:05.0132050Z ##[endgroup]
2026-09-20T13:22:05.0148918Z Creating settings.xml with server-id: github
2026-09-20T13:22:05.0176051Z Writing to /home/runner/.m2/settings.xml
2026-09-20T13:22:05.0385105Z Node 20 is being deprecated. This workflow is running with Node 24 by default. If you need to temporarily use Node 20, you can set the ACTIONS_ALLOW_USE_UNSECURE_NODE_VERSION=true environment variable. For more information see: https://github.blog/changelog/2025-09-19-deprecation-of-node-20-on-github-actions-runners/
2026-09-20T13:22:05.0386601Z ##[group]Run actions/setup-node@v4
2026-09-20T13:22:05.0387039Z with:
2026-09-20T13:22:05.0387286Z   node-version: 22
2026-09-20T13:22:05.0387544Z   always-auth: false
2026-09-20T13:22:05.0387802Z   check-latest: false
2026-09-20T13:22:05.0390282Z   token: ***
2026-09-20T13:22:05.0390798Z env:
2026-09-20T13:22:05.0391076Z   NODE_OPTIONS: --max-old-space-size=3584
2026-09-20T13:22:05.0391529Z   JAVA_HOME: /opt/hostedtoolcache/Java_Temurin-Hotspot_jdk/25.0.4-1/x64
2026-09-20T13:22:05.0392090Z   JAVA_HOME_25_X64: /opt/hostedtoolcache/Java_Temurin-Hotspot_jdk/25.0.4-1/x64
2026-09-20T13:22:05.0392525Z ##[endgroup]
2026-09-20T13:22:05.2101127Z Found in cache @ /opt/hostedtoolcache/node/22.23.2/x64
2026-09-20T13:22:05.2106344Z (node:2284) [DEP0040] DeprecationWarning: The `punycode` module is deprecated. Please use a userland alternative instead.
2026-09-20T13:22:05.2107870Z (Use `node --trace-deprecation ...` to show where the warning was created)
2026-09-20T13:22:05.2109586Z ##[group]Environment details
2026-09-20T13:22:07.7866636Z node: v22.23.2
2026-09-20T13:22:07.7867165Z npm: 10.9.8
2026-09-20T13:22:07.7867486Z yarn: 1.22.22
2026-09-20T13:22:07.7869323Z ##[endgroup]
2026-09-20T13:22:07.8015880Z ##[group]Run npm install --no-audit --no-fund
2026-09-20T13:22:07.8016330Z [36;1mnpm install --no-audit --no-fund[0m
2026-09-20T13:22:07.8062890Z shell: /usr/bin/bash -e {0}
2026-09-20T13:22:07.8063206Z env:
2026-09-20T13:22:07.8063461Z   NODE_OPTIONS: --max-old-space-size=3584
2026-09-20T13:22:07.8063904Z   JAVA_HOME: /opt/hostedtoolcache/Java_Temurin-Hotspot_jdk/25.0.4-1/x64
2026-09-20T13:22:07.8064470Z   JAVA_HOME_25_X64: /opt/hostedtoolcache/Java_Temurin-Hotspot_jdk/25.0.4-1/x64
2026-09-20T13:22:07.8064904Z ##[endgroup]
2026-09-20T13:22:13.2730791Z npm warn deprecated uuid@8.3.2: uuid@10 and below is no longer supported.  For ESM codebases, update to uuid@latest.  For CommonJS codebases, use uuid@11 (but be aware this version will likely be deprecated in 2028).
2026-09-20T13:22:13.3423549Z npm warn deprecated uuid@10.0.0: uuid@10 and below is no longer supported.  For ESM codebases, update to uuid@latest.  For CommonJS codebases, use uuid@11 (but be aware this version will likely be deprecated in 2028).
2026-09-20T13:22:16.6679714Z 
2026-09-20T13:22:16.6680874Z > mcbot-fleet@0.18.2 postinstall
2026-09-20T13:22:16.6681842Z > node scripts/setup-26.2.mjs
2026-09-20T13:22:16.6701134Z 
2026-09-20T13:22:16.7323515Z [setup-26.2] copied 19 files into minecraft-data/data/pc/26.2
2026-09-20T13:22:16.7346553Z [setup-26.2] dataPaths.json: registered pc/26.2
2026-09-20T13:22:16.7357579Z [setup-26.2] versions.json: added 26.2
2026-09-20T13:22:16.7380758Z [setup-26.2] data.js: indexed 26.2 (mirrored from 26.1)
2026-09-20T13:22:16.7384210Z [setup-26.2] prismarine-chunk: mapped 26.2 -> pc/1.18 chunk impl
2026-09-20T13:22:16.7387903Z [setup-26.2] prismarine-chunk: relaxed bitsPerBlock ceiling (global palette, 26.2)
2026-09-20T13:22:16.7392902Z [setup-26.2] prismarine-physics: added 26.2 to 2 feature entries
2026-09-20T13:22:16.7395507Z [setup-26.2] mineflayer: added 26.2 to testedVersions
2026-09-20T13:22:16.7396505Z [setup-26.2] done - stack speaks 26.2
2026-09-20T13:22:16.7500214Z 
2026-09-20T13:22:16.7500789Z added 98 packages in 9s
2026-09-20T13:22:16.8093944Z ##[group]Run node scripts/setup-26.2.mjs
2026-09-20T13:22:16.8094341Z [36;1mnode scripts/setup-26.2.mjs[0m
2026-09-20T13:22:16.8132922Z shell: /usr/bin/bash -e {0}
2026-09-20T13:22:16.8133207Z env:
2026-09-20T13:22:16.8133489Z   NODE_OPTIONS: --max-old-space-size=3584
2026-09-20T13:22:16.8133934Z   JAVA_HOME: /opt/hostedtoolcache/Java_Temurin-Hotspot_jdk/25.0.4-1/x64
2026-09-20T13:22:16.8134487Z   JAVA_HOME_25_X64: /opt/hostedtoolcache/Java_Temurin-Hotspot_jdk/25.0.4-1/x64
2026-09-20T13:22:16.8134914Z ##[endgroup]
2026-09-20T13:22:16.8663443Z [setup-26.2] copied 19 files into minecraft-data/data/pc/26.2
2026-09-20T13:22:16.8698983Z [setup-26.2] data.js: 26.2 already indexed
2026-09-20T13:22:16.8703915Z [setup-26.2] done - stack speaks 26.2
2026-09-20T13:22:16.8879756Z Node 20 is being deprecated. This workflow is running with Node 24 by default. If you need to temporarily use Node 20, you can set the ACTIONS_ALLOW_USE_UNSECURE_NODE_VERSION=true environment variable. For more information see: https://github.blog/changelog/2025-09-19-deprecation-of-node-20-on-github-actions-runners/
2026-09-20T13:22:16.8881340Z ##[group]Run actions/cache@v4
2026-09-20T13:22:16.8881584Z with:
2026-09-20T13:22:16.8881789Z   path: testbed/server/server.jar
2026-09-20T13:22:16.8882123Z   key: mc-server-26.2-823e2250d24b3ddac457a60c92a6a941943fcd6a
2026-09-20T13:22:16.8882475Z   enableCrossOsArchive: false
2026-09-20T13:22:16.8882728Z   fail-on-cache-miss: false
2026-09-20T13:22:16.8882963Z   lookup-only: false
2026-09-20T13:22:16.8883170Z   save-always: false
2026-09-20T13:22:16.8883366Z env:
2026-09-20T13:22:16.8883572Z   NODE_OPTIONS: --max-old-space-size=3584
2026-09-20T13:22:16.8883947Z   JAVA_HOME: /opt/hostedtoolcache/Java_Temurin-Hotspot_jdk/25.0.4-1/x64
2026-09-20T13:22:16.8884658Z   JAVA_HOME_25_X64: /opt/hostedtoolcache/Java_Temurin-Hotspot_jdk/25.0.4-1/x64
2026-09-20T13:22:16.8885037Z ##[endgroup]
2026-09-20T13:22:16.9989055Z (node:2347) [DEP0040] DeprecationWarning: The `punycode` module is deprecated. Please use a userland alternative instead.
2026-09-20T13:22:16.9990622Z (Use `node --trace-deprecation ...` to show where the warning was created)
2026-09-20T13:22:17.0575181Z Cache hit for: mc-server-26.2-823e2250d24b3ddac457a60c92a6a941943fcd6a
2026-09-20T13:22:17.0680732Z (node:2347) [DEP0169] DeprecationWarning: `url.parse()` behavior is not standardized and prone to errors that have security implications. Use the WHATWG URL API instead. CVEs are not issued for `url.parse()` vulnerabilities.
2026-09-20T13:22:17.4716098Z Received 60886050 of 60886050 (100.0%), 154.8 MBs/sec
2026-09-20T13:22:17.4716880Z Cache Size: ~58 MB (60886050 B)
2026-09-20T13:22:17.4786403Z [command]/usr/bin/tar -xf /home/runner/work/_temp/41a8ccd2-20af-45c0-8df9-5c25c2883107/cache.tzst -P -C /home/runner/work/privateB/privateB --use-compress-program unzstd
2026-09-20T13:22:17.5710169Z Cache restored successfully
2026-09-20T13:22:17.5819416Z Cache restored from key: mc-server-26.2-823e2250d24b3ddac457a60c92a6a941943fcd6a
2026-09-20T13:22:17.6045563Z ##[group]Run set -o pipefail   # an OOM in the fleet process must fail this step, not be masked by tee
2026-09-20T13:22:17.6046295Z [36;1mset -o pipefail   # an OOM in the fleet process must fail this step, not be masked by tee[0m
2026-09-20T13:22:17.6046765Z [36;1mscripts/server.sh start[0m
2026-09-20T13:22:17.6047126Z [36;1msleep 5           # let the world settle (same as the integration job)[0m
2026-09-20T13:22:17.6047605Z [36;1m# (v0.17.5) THE MISSING KEYSTONE: the fleet world NEVER had a yard - the[0m
2026-09-20T13:22:17.6048122Z [36;1m# chest warehouse, furnace row and crafting tables were never built, so[0m
2026-09-20T13:22:17.6048610Z [36;1m# banked=0 smelted=0 in EVERY fleet run (#122..#124: bots held 130-319[0m
2026-09-20T13:22:17.6049094Z [36;1m# units, climbed out for 'bank' 15+ times, found 'no chest in range' at[0m
2026-09-20T13:22:17.6049592Z [36;1m# ANY distance because the chests did not exist). The yard script surveys[0m
2026-09-20T13:22:17.6050121Z [36;1m# world spawn with a throwaway bot and places everything through the[0m
2026-09-20T13:22:17.6050972Z [36;1m# server console (infrastructure, not bot gifts - bots stay survival,[0m
2026-09-20T13:22:17.6051436Z [36;1m# no op); setworldspawn pins respawns to the yard floor.[0m
2026-09-20T13:22:17.6051796Z [36;1mnode scripts/setup-yard.mjs[0m
2026-09-20T13:22:17.6052276Z [36;1mnode --expose-gc testbed/fleet19.mjs 19 600 sand,gravel,dirt,stone 2>&1 | tee /tmp/fleet19.log[0m
2026-09-20T13:22:17.6088784Z shell: /usr/bin/bash -e {0}
2026-09-20T13:22:17.6089041Z env:
2026-09-20T13:22:17.6089265Z   NODE_OPTIONS: --max-old-space-size=3584
2026-09-20T13:22:17.6089679Z   JAVA_HOME: /opt/hostedtoolcache/Java_Temurin-Hotspot_jdk/25.0.4-1/x64
2026-09-20T13:22:17.6090198Z   JAVA_HOME_25_X64: /opt/hostedtoolcache/Java_Temurin-Hotspot_jdk/25.0.4-1/x64
2026-09-20T13:22:17.6090866Z ##[endgroup]
2026-09-20T13:22:35.0619557Z server up (/opt/hostedtoolcache/Java_Temurin-Hotspot_jdk/25.0.4-1/x64/bin/java)
2026-09-20T13:22:45.7881961Z [yard] buildable surface near spawn: y=70, yard floor at -138,71,400
2026-09-20T13:22:45.8001752Z [yard] floor + clearance
2026-09-20T13:22:45.8102034Z [yard] furnaces / blast furnaces / smokers (smelting bay)
2026-09-20T13:22:45.8102997Z [yard] stonecutters / crafting tables / utility
2026-09-20T13:22:45.8103828Z [yard] water basin for concrete
2026-09-20T13:22:45.8151384Z [yard] chest warehouse (input rows)
2026-09-20T13:22:45.8171506Z [yard] output barrels
2026-09-20T13:22:45.8191366Z [yard] nether + end portals
2026-09-20T13:22:45.8192045Z [yard] spawn point / bed / lighting
2026-09-20T13:22:45.8192640Z [yard] 169 commands prepared
2026-09-20T13:22:45.8193282Z [yard] commands sent to the server console
2026-09-20T13:22:46.5141131Z launching 19 bots for 600s -> targets sand, gravel, dirt, stone
2026-09-20T13:23:49.8442759Z t-537s alive=19/19 mined=103 map=368p/8ch banked=0 smelted=0 | sand=0 gravel=0 dirt=0 stone=0
2026-09-20T13:23:49.8453168Z    deficits: 157926/0 (0.0%) 149380/0 (0.0%) 31860/0 (0.0%) 27420/0 (0.0%) 10725/0 (0.0%)
2026-09-20T13:23:49.8457648Z    F1=9[birch_log:6 oak_log:5] | F2=11[birch_log:7 oak_log:3] | F3=9[oak_log:5 birch_log:1 oak_sapling:1] | F4=11[oak_log:5] | F5=8[birch_log:1] | F6=4[oak_log:4 oak_sapling:1] | F7=7[oak_log:5] | F8=13[empty] | F9=5[oak_log:9 birch_log:4 oak_sapling:1] | F10=3[oak_log:1] | F11=1[oak_log:4] | F12=0[empty] | F13=3[oak_log:5] | F14=5[oak_log:2] | F15=6[oak_log:5] | F16=3[oak_sapling:1] | F17=2[oak_log:3 birch_log:2] | F18=3[stick:2] | F19=0[empty]
2026-09-20T13:23:49.8467773Z    mem: heap=105M/148M rss=368M cols=2093 ents=2171 evicted=247 path=6a/10q (max 6)
2026-09-20T13:24:04.9082264Z t-522s alive=19/19 mined=117 map=369p/8ch banked=0 smelted=0 | sand=0 gravel=0 dirt=0 stone=0
2026-09-20T13:24:04.9111994Z    deficits: 157926/0 (0.0%) 149380/0 (0.0%) 31860/0 (0.0%) 27420/0 (0.0%) 10725/0 (0.0%)
2026-09-20T13:24:04.9116301Z    F1=9[birch_log:6 oak_log:5] | F2=11[birch_log:7 oak_log:3] | F3=9[oak_log:5 birch_log:1 oak_sapling:1] | F4=11[oak_log:5] | F5=8[birch_log:1] | F6=4[oak_log:4 oak_sapling:1] | F7=11[oak_log:5] | F8=13[oak_log:3] | F9=5[oak_log:9 birch_log:4 oak_sapling:1] | F10=8[oak_log:1 birch_log:1] | F11=6[oak_log:4] | F12=0[empty] | F13=3[oak_log:5] | F14=5[oak_log:2 oak_sapling:1] | F15=6[oak_log:5 oak_sapling:1] | F16=3[oak_sapling:1 oak_log:1] | F17=2[oak_log:3 birch_log:2] | F18=3[oak_log:3 stick:2] | F19=0[oak_log:3]
2026-09-20T13:24:04.9142107Z    mem: heap=100M/144M rss=370M cols=2044 ents=2081 evicted=331 path=6a/12q (max 6)
2026-09-20T13:24:19.9068528Z t-507s alive=19/19 mined=123 map=373p/8ch banked=0 smelted=0 | sand=0 gravel=0 dirt=0 stone=0
2026-09-20T13:24:19.9077021Z    deficits: 157926/0 (0.0%) 149380/0 (0.0%) 31860/0 (0.0%) 27420/0 (0.0%) 10725/0 (0.0%)
2026-09-20T13:24:19.9082065Z    F1=9[birch_log:6 oak_log:5] | F2=11[birch_log:7 oak_log:3] | F3=9[oak_log:5 birch_log:1] | F4=11[oak_log:5] | F5=8[birch_log:1] | F6=10[oak_log:4 oak_sapling:1] | F7=11[oak_log:8] | F8=13[oak_log:3] | F9=5[oak_log:9 birch_log:4 oak_sapling:1] | F10=8[oak_log:2 birch_log:1] | F11=6[birch_log:6 oak_log:4] | F12=0[empty] | F13=3[oak_log:5] | F14=5[oak_log:2 oak_sapling:1] | F15=6[oak_log:5 oak_sapling:1] | F16=3[oak_sapling:1 oak_log:1] | F17=2[oak_log:3 birch_log:2] | F18=3[oak_log:3 stick:2] | F19=0[oak_log:3]
2026-09-20T13:24:19.9085722Z    mem: heap=101M/145M rss=371M cols=2048 ents=1945 evicted=394 path=6a/12q (max 6)
2026-09-20T13:24:35.6406998Z t-491s alive=19/19 mined=141 map=416p/9ch banked=0 smelted=0 | sand=0 gravel=0 dirt=0 stone=0
2026-09-20T13:24:35.6412799Z    deficits: 157926/0 (0.0%) 149380/0 (0.0%) 31860/0 (0.0%) 27420/0 (0.0%) 10725/0 (0.0%)
2026-09-20T13:24:35.6417328Z    F1=9[oak_planks:12 birch_planks:6 stick:4] | F2=11[oak_planks:12 birch_log:4 birch_planks:2] | F3=12[oak_log:5 birch_log:3 oak_sapling:1] | F4=11[oak_log:5] | F5=9[birch_log:1] | F6=10[oak_planks:12 oak_log:7] | F7=11[oak_log:9 birch_sapling:1] | F8=14[oak_log:3] | F9=5[oak_planks:12 oak_log:6 birch_planks:2] | F10=8[oak_log:2 birch_log:1] | F11=6[oak_log:7 birch_log:6] | F12=0[empty] | F13=7[oak_log:5] | F14=7[oak_log:3 oak_sapling:1] | F15=6[oak_log:5 oak_sapling:1] | F16=6[oak_log:2 oak_sapling:1] | F17=2[oak_log:4 birch_log:3] | F18=7[stick:4 oak_log:3] | F19=0[oak_log:3]
2026-09-20T13:24:35.6421981Z    mem: heap=118M/144M rss=369M cols=2038 ents=2005 evicted=478 path=6a/6q (max 6)
2026-09-20T13:24:35.6646433Z F2 dir=(0.95,0.32) logs=4 tools=wooden_pickaxe
2026-09-20T13:24:35.6652264Z F2 spare pick due: spare (planks available)
2026-09-20T13:24:36.5457597Z F9 dir=(-0.88,0.48) logs=7 tools=wooden_pickaxe
2026-09-20T13:24:36.5460264Z F9 spare pick due: spare (planks available)
2026-09-20T13:24:37.1928216Z F9 spare pick: no table reachable or placeable
2026-09-20T13:24:37.4842932Z F2 spare pick: OK (wooden_pickaxe, holds 2)
2026-09-20T13:24:44.7937804Z F1 dir=(1.00,0.00) logs=5 tools=wooden_pickaxe
2026-09-20T13:24:44.7938893Z F1 spare pick due: spare (planks available)
2026-09-20T13:24:45.7758464Z F3 dir=(0.79,0.61) logs=2 tools=wooden_pickaxe
2026-09-20T13:24:45.7760309Z F3 spare pick due: spare (planks available)
2026-09-20T13:24:46.7041810Z F2 tool upgrade due: cobble available -> stone_pickaxe
2026-09-20T13:24:49.8589741Z F1 spare pick: OK (wooden_pickaxe, holds 2)
2026-09-20T13:24:50.7103245Z t-476s alive=19/19 mined=196 map=486p/10ch banked=0 smelted=0 | sand=0 gravel=0 dirt=10 stone=0
2026-09-20T13:24:50.7104582Z    deficits: 157926/0 (0.0%) 149380/0 (0.0%) 31860/0 (0.0%) 27420/0 (0.0%) 10725/0 (0.0%)
2026-09-20T13:24:50.7108021Z    F1=10[oak_planks:9 birch_log:3 oak_log:2] | F2=23[cobblestone:7 stick:6 dirt:5] | F3=12[oak_planks:9 oak_log:2 stick:2] | F4=11[oak_planks:10 stick:4 oak_log:2] | F5=12[stick:2 oak_log:2 birch_log:1] | F6=10[oak_planks:12 oak_log:7] | F7=11[oak_log:6 oak_planks:2 wooden_shovel:1] | F8=18[oak_log:4] | F9=20[oak_planks:12 oak_log:6 cobblestone:5] | F10=11[oak_log:3 birch_log:1] | F11=6[oak_planks:12 oak_log:4 birch_log:3] | F12=0[empty] | F13=9[oak_log:5] | F14=8[oak_log:7 oak_sapling:1] | F15=9[oak_log:6 oak_sapling:1] | F16=7[oak_log:5 oak_sapling:2] | F17=7[oak_log:5 birch_log:3] | F18=12[oak_log:7 stick:4] | F19=0[oak_log:3]
2026-09-20T13:24:50.7110912Z    mem: heap=114M/146M rss=369M cols=1999 ents=2308 evicted=555 path=6a/2q (max 6)
2026-09-20T13:24:50.8066475Z F7 dir=(-0.40,0.92) logs=6 tools=wooden_pickaxe
2026-09-20T13:24:51.3462582Z F3 spare pick: OK (wooden_pickaxe, holds 2)
2026-09-20T13:24:51.5539133Z F11 dir=(-0.99,-0.16) logs=7 tools=wooden_pickaxe
2026-09-20T13:24:51.5539910Z F11 spare pick due: spare (planks available)
2026-09-20T13:24:51.5622672Z F9 tool upgrade due: cobble available -> stone_pickaxe
2026-09-20T13:24:55.1072688Z F2 [toolupgrade] [upgrade] upgraded: stone_pickaxe,wooden_shovel,wooden_pickaxe,wooden_pickaxe
2026-09-20T13:24:55.1074828Z F2 tool upgrade: OK -> stone_pickaxe (stone_pickaxe,wooden_shovel,wooden_pickaxe,wooden_pickaxe)
2026-09-20T13:24:55.6229255Z F11 spare pick: OK (wooden_pickaxe, holds 2)
2026-09-20T13:24:56.4880919Z F9 [toolupgrade] [upgrade] upgraded: stone_pickaxe,wooden_shovel,wooden_pickaxe
2026-09-20T13:24:56.4882493Z F9 tool upgrade: OK -> stone_pickaxe (stone_pickaxe,wooden_shovel,wooden_pickaxe)
2026-09-20T13:24:59.4449569Z F1 tool upgrade due: cobble available -> stone_pickaxe
2026-09-20T13:25:00.0112142Z F4 dir=(0.55,0.84) logs=2 tools=wooden_pickaxe
2026-09-20T13:25:00.6508567Z F7 tool upgrade due: cobble available -> stone_pickaxe
2026-09-20T13:25:01.0439244Z F3 tool upgrade due: cobble available -> stone_pickaxe
2026-09-20T13:25:04.4134493Z F13 dir=(-0.68,-0.74) logs=2 tools=wooden_pickaxe
2026-09-20T13:25:05.8922022Z t-461s alive=19/19 mined=273 map=575p/10ch banked=0 smelted=0 | sand=0 gravel=0 dirt=33 stone=0
2026-09-20T13:25:05.8967618Z    deficits: 157926/0 (0.0%) 149380/0 (0.0%) 31860/0 (0.0%) 27420/0 (0.0%) 10725/9 (0.1%)
2026-09-20T13:25:05.8984647Z    F1=20[cobblestone:8 stick:6 dirt:4] | F2=34[andesite:9 cobblestone:7 dirt:5] | F3=23[stick:6 cobblestone:6 dirt:5] | F4=18[dirt:5 oak_log:2 oak_planks:2] | F5=12[stick:2 oak_log:2 birch_log:1] | F6=10[oak_planks:12 oak_log:7] | F7=22[cobblestone:7 oak_log:4 stick:4] | F8=20[oak_log:5] | F9=28[cobblestone:15 oak_planks:8 oak_log:6] | F10=12[oak_planks:12 birch_planks:6 stick:4] | F11=14[oak_planks:9 dirt:5 oak_log:4] | F12=0[empty] | F13=10[oak_log:2 oak_planks:2 wooden_pickaxe:1] | F14=8[oak_log:7 oak_sapling:2] | F15=10[oak_log:8 oak_sapling:1] | F16=11[oak_log:7 oak_sapling:2] | F17=8[oak_planks:8 birch_log:3] | F18=12[oak_planks:12 oak_log:4 stick:4] | F19=1[oak_log:3]
2026-09-20T13:25:05.8986937Z    mem: heap=106M/147M rss=372M cols=2002 ents=2247 evicted=610 path=4a/0q (max 6)
2026-09-20T13:25:06.5578784Z F1 [toolupgrade] [upgrade] upgraded: stone_pickaxe,wooden_shovel,wooden_pickaxe,wooden_pickaxe
2026-09-20T13:25:06.5580148Z F1 tool upgrade: OK -> stone_pickaxe (stone_pickaxe,wooden_shovel,wooden_pickaxe,wooden_pickaxe)
2026-09-20T13:25:07.6614396Z F3 [toolupgrade] [upgrade] upgraded: stone_pickaxe,wooden_shovel,wooden_pickaxe,wooden_pickaxe
2026-09-20T13:25:07.6615795Z F3 tool upgrade: OK -> stone_pickaxe (stone_pickaxe,wooden_shovel,wooden_pickaxe,wooden_pickaxe)
2026-09-20T13:25:07.9291395Z F7 [toolupgrade] [upgrade] upgraded: stone_pickaxe,wooden_shovel,wooden_pickaxe
2026-09-20T13:25:07.9293005Z F7 tool upgrade: OK -> stone_pickaxe (stone_pickaxe,wooden_shovel,wooden_pickaxe)
2026-09-20T13:25:10.5357667Z F11 tool upgrade due: cobble available -> stone_pickaxe
2026-09-20T13:25:10.5604661Z F4 tool upgrade due: cobble available -> stone_pickaxe
2026-09-20T13:25:11.0231638Z F18 dir=(0.79,-0.61) logs=4 tools=wooden_pickaxe
2026-09-20T13:25:11.0232400Z F18 spare pick due: spare (planks available)
2026-09-20T13:25:11.8606936Z F1 tunnel: 2 blocks (branch mine at the floor)
2026-09-20T13:25:14.3517021Z F10 dir=(-0.99,0.16) logs=3 tools=wooden_pickaxe
2026-09-20T13:25:14.3518816Z F10 spare pick due: spare (planks available)
2026-09-20T13:25:14.4014087Z F3 tunnel: 2 blocks (branch mine at the floor)
2026-09-20T13:25:15.5161317Z F2 tunnel: 12 blocks (branch mine at the floor)
2026-09-20T13:25:15.7304998Z F18 spare pick: OK (wooden_pickaxe, holds 2)
2026-09-20T13:25:17.3197615Z F9 tunnel: 12 blocks (branch mine at the floor)
2026-09-20T13:25:20.4311108Z F1 tunnel: 2 blocks (branch mine at the floor)
2026-09-20T13:25:20.7348992Z F10 spare pick: OK (wooden_pickaxe, holds 2)
2026-09-20T13:25:20.9792014Z F17 dir=(0.55,-0.84) logs=10 tools=wooden_pickaxe
2026-09-20T13:25:20.9812105Z F17 spare pick due: spare (planks available)
2026-09-20T13:25:20.9901842Z t-446s alive=19/19 mined=353 map=648p/10ch banked=0 smelted=0 | sand=0 gravel=0 dirt=43 stone=0
2026-09-20T13:25:20.9934206Z    deficits: 157926/0 (0.0%) 149380/0 (0.0%) 31860/0 (0.0%) 27420/0 (0.0%) 10725/35 (0.3%)
2026-09-20T13:25:20.9965368Z    F1=24[cobblestone:10 stick:4 dirt:4] | F2=45[andesite:15 cobblestone:13 dirt:5] | F3=27[cobblestone:9 dirt:5 stick:4] | F4=23[cobblestone:8 dirt:5 oak_planks:4] | F5=12[stick:2 oak_log:2 birch_log:1] | F6=10[oak_planks:12 oak_log:7] | F7=34[cobblestone:13 granite:5 oak_log:4] | F8=21[oak_log:3 oak_planks:3 stick:2] | F9=38[cobblestone:16 andesite:13 oak_planks:8] | F10=12[oak_planks:9 oak_log:2 stick:2] | F11=19[cobblestone:5 dirt:5 oak_log:4] | F12=0[oak_log:2] | F13=25[andesite:7 dirt:4 cobblestone:4] | F14=13[oak_log:7 birch_log:4 oak_sapling:2] | F15=10[oak_log:5 oak_planks:2 wooden_shovel:1] | F16=13[oak_planks:10 oak_log:9 stick:4] | F17=8[oak_planks:12 oak_log:10 wooden_shovel:1] | F18=18[dirt:5 oak_log:4 oak_planks:3] | F19=1[oak_log:3]
2026-09-20T13:25:20.9970018Z    mem: heap=111M/148M rss=374M cols=1973 ents=2278 evicted=667 path=5a/0q (max 6)
2026-09-20T13:25:21.5088639Z F11 [toolupgrade] [upgrade] upgraded: stone_pickaxe,wooden_shovel,wooden_pickaxe,wooden_pickaxe
2026-09-20T13:25:21.5090188Z F11 tool upgrade: OK -> stone_pickaxe (stone_pickaxe,wooden_shovel,wooden_pickaxe,wooden_pickaxe)
2026-09-20T13:25:21.5591029Z F4 [toolupgrade] [upgrade] upgraded: stone_pickaxe,wooden_shovel,wooden_pickaxe
2026-09-20T13:25:21.5592279Z F4 tool upgrade: OK -> stone_pickaxe (stone_pickaxe,wooden_shovel,wooden_pickaxe)
2026-09-20T13:25:22.4403541Z F3 tunnel: 2 blocks (branch mine at the floor)
2026-09-20T13:25:22.6958701Z F8 dir=(-0.68,0.74) logs=3 tools=wooden_pickaxe
2026-09-20T13:25:22.9187189Z F15 dir=(-0.08,-1.00) logs=5 tools=wooden_pickaxe
2026-09-20T13:25:23.2170760Z F13 tool upgrade due: cobble available -> stone_pickaxe
2026-09-20T13:25:23.7006405Z F1 tunnel: 0 blocks (branch mine at the floor)
2026-09-20T13:25:23.9206165Z F17 spare pick: OK (wooden_pickaxe, holds 2)
2026-09-20T13:25:25.0868920Z F3 tunnel: 0 blocks (branch mine at the floor)
2026-09-20T13:25:27.1253208Z F1 tunnel: 0 blocks (branch mine at the floor)
2026-09-20T13:25:28.3548425Z F3 tunnel: 0 blocks (branch mine at the floor)
2026-09-20T13:25:28.4158553Z F16 dir=(0.25,-0.97) logs=9 tools=wooden_pickaxe
2026-09-20T13:25:28.7289514Z F5 dir=(0.25,0.97) logs=0 tools=wooden_pickaxe
2026-09-20T13:25:28.8354325Z F13 [toolupgrade] [upgrade] upgraded: stone_pickaxe,wooden_shovel,wooden_pickaxe
2026-09-20T13:25:28.8355538Z F13 tool upgrade: OK -> stone_pickaxe (stone_pickaxe,wooden_shovel,wooden_pickaxe)
2026-09-20T13:25:28.8426471Z F18 tool upgrade due: cobble available -> stone_pickaxe
2026-09-20T13:25:28.8717914Z F7 tunnel: 12 blocks (branch mine at the floor)
2026-09-20T13:25:28.9224902Z F1 tunnel: 0 blocks (branch mine at the floor)
2026-09-20T13:25:28.9226622Z F1 tunnel: 0 blocks x3 - sealed or flooded, cooling down 15s
2026-09-20T13:25:28.9423523Z F10 tool upgrade due: cobble available -> stone_pickaxe
2026-09-20T13:25:30.1926717Z F3 tunnel: 0 blocks (branch mine at the floor)
2026-09-20T13:25:30.1927443Z F3 tunnel: 0 blocks x3 - sealed or flooded, cooling down 15s
2026-09-20T13:25:30.4263138Z F10 [toolupgrade] [upgrade] upgraded: stone_pickaxe,wooden_pickaxe,wooden_shovel,wooden_pickaxe
2026-09-20T13:25:30.4271835Z F10 tool upgrade: OK -> stone_pickaxe (stone_pickaxe,wooden_pickaxe,wooden_shovel,wooden_pickaxe)
2026-09-20T13:25:30.9087975Z F2 tunnel: 13 blocks (branch mine at the floor)
2026-09-20T13:25:31.0079670Z F15 tool upgrade due: cobble available -> stone_pickaxe
2026-09-20T13:25:32.0347843Z F8 tool upgrade due: cobble available -> stone_pickaxe
2026-09-20T13:25:32.2092991Z F18 [toolupgrade] [upgrade] upgraded: stone_pickaxe,wooden_pickaxe,wooden_shovel,wooden_pickaxe
2026-09-20T13:25:32.2096251Z F18 tool upgrade: OK -> stone_pickaxe (stone_pickaxe,wooden_pickaxe,wooden_shovel,wooden_pickaxe)
2026-09-20T13:25:34.2959727Z F12 dir=(-0.88,-0.48) logs=0 tools=none
2026-09-20T13:25:34.2960926Z F12 tool recovery: no pickaxe - spare-pick craft first
2026-09-20T13:25:34.2962230Z F12 spare pick: skip (no pickaxe materials (need 3 ingots / 3 cobble / 3 planks of ONE type))
2026-09-20T13:25:34.2964112Z F12 tool recovery: spare craft failed (no pickaxe materials (need 3 ingots / 3 cobble / 3 planks of ONE type)) - re-running the bootstrap
2026-09-20T13:25:34.3663998Z F17 tool upgrade due: cobble available -> stone_pickaxe
2026-09-20T13:25:34.8032084Z F4 tunnel: 12 blocks (branch mine at the floor)
2026-09-20T13:25:35.9872039Z t-431s alive=19/19 mined=516 map=695p/11ch banked=0 smelted=0 | sand=0 gravel=8 dirt=70 stone=0
2026-09-20T13:25:35.9877929Z    deficits: 157926/0 (0.0%) 149380/8 (0.0%) 31860/0 (0.0%) 27420/0 (0.0%) 10725/62 (0.6%)
2026-09-20T13:25:35.9885765Z    F1=24[cobblestone:10 stick:4 dirt:4] | F2=57[cobblestone:27 andesite:20 dirt:5] | F3=27[cobblestone:10 dirt:5 stick:4] | F4=45[cobblestone:9 andesite:7 gravel:6] | F5=21[dirt:4 cobblestone:4 stick:2] | F6=10[oak_log:7 oak_planks:6 stick:4] | F7=48[cobblestone:24 granite:7 oak_log:4] | F8=33[cobblestone:7 dirt:5 stick:4] | F9=38[andesite:21 cobblestone:16 oak_planks:8] | F10=31[cobblestone:11 oak_planks:7 dirt:5] | F11=36[cobblestone:23 dirt:5 oak_log:4] | F12=0[stick:2 oak_planks:1 wooden_shovel:1] | F13=35[cobblestone:12 andesite:8 oak_planks:4] | F14=13[oak_planks:12 oak_log:5 birch_log:2] | F15=20[cobblestone:7 stick:4 oak_planks:4] | F16=24[oak_log:9 dirt:5 cobblestone:5] | F17=21[oak_log:10 oak_planks:7 cobblestone:7] | F18=32[dirt:5 andesite:5 oak_log:4] | F19=1[oak_log:4]
2026-09-20T13:25:35.9890806Z    mem: heap=112M/149M rss=364M cols=1964 ents=2412 evicted=699 path=3a/0q (max 6)
2026-09-20T13:25:36.4771758Z F14 dir=(-0.40,-0.92) logs=7 tools=wooden_pickaxe
2026-09-20T13:25:36.4772650Z F14 spare pick due: spare (planks available)
2026-09-20T13:25:36.8358451Z F17 [toolupgrade] [upgrade] upgraded: stone_pickaxe,wooden_pickaxe,wooden_shovel,wooden_pickaxe
2026-09-20T13:25:36.8359917Z F17 tool upgrade: OK -> stone_pickaxe (stone_pickaxe,wooden_pickaxe,wooden_shovel,wooden_pickaxe)
2026-09-20T13:25:38.0962073Z F16 tool upgrade due: cobble available -> stone_pickaxe
2026-09-20T13:25:38.9650936Z F11 tunnel: 13 blocks (branch mine at the floor)
2026-09-20T13:25:39.1877654Z F14 spare pick: OK (wooden_pickaxe, holds 2)
2026-09-20T13:25:39.2858278Z F15 [toolupgrade] [upgrade] upgraded: stone_pickaxe,wooden_shovel,wooden_pickaxe
2026-09-20T13:25:39.2859701Z F15 tool upgrade: OK -> stone_pickaxe (stone_pickaxe,wooden_shovel,wooden_pickaxe)
2026-09-20T13:25:39.5285695Z F8 [toolupgrade] [upgrade] upgraded: stone_pickaxe,wooden_shovel,wooden_pickaxe
2026-09-20T13:25:39.5287327Z F8 tool upgrade: OK -> stone_pickaxe (stone_pickaxe,wooden_shovel,wooden_pickaxe)
2026-09-20T13:25:40.0448543Z F6 dir=(-0.08,1.00) logs=7 tools=wooden_pickaxe
2026-09-20T13:25:41.3637714Z F13 tunnel: 12 blocks (branch mine at the floor)
2026-09-20T13:25:41.6341637Z F7 tunnel: 12 blocks (branch mine at the floor)
2026-09-20T13:25:42.8485543Z F16 [toolupgrade] [upgrade] upgraded: stone_pickaxe,wooden_shovel,wooden_pickaxe
2026-09-20T13:25:42.8487077Z F16 tool upgrade: OK -> stone_pickaxe (stone_pickaxe,wooden_shovel,wooden_pickaxe)
2026-09-20T13:25:44.1892109Z F5 tool upgrade due: cobble available -> stone_pickaxe
2026-09-20T13:25:44.1902200Z F5 [toolupgrade] [upgrade] craft stick: no craftable recipe variant (ingredients missing?)
2026-09-20T13:25:44.1957960Z F5 [toolupgrade] [upgrade] craft crafting_table: no craftable recipe variant (ingredients missing?)
2026-09-20T13:25:44.1959047Z F5 tool upgrade: failed -> none (no table material)
2026-09-20T13:25:44.1962008Z F5 spare pick due: spare (cobble available)
2026-09-20T13:25:44.2015158Z F5 spare pick: no table reachable or placeable
2026-09-20T13:25:44.2061040Z F4 tunnel: 12 blocks (branch mine at the floor)
2026-09-20T13:25:46.2481665Z F13 [F13] died - respawning
2026-09-20T13:25:48.6201836Z F1 tunnel: 0 blocks (branch mine at the floor)
2026-09-20T13:25:48.9690802Z F6 tool upgrade due: cobble available -> stone_pickaxe
2026-09-20T13:25:49.2721631Z F9 tunnel: 12 blocks (branch mine at the floor)
2026-09-20T13:25:50.0485103Z F10 tunnel: 12 blocks (branch mine at the floor)
2026-09-20T13:25:51.3883123Z t-415s alive=19/19 mined=693 map=900p/13ch banked=0 smelted=0 | sand=0 gravel=12 dirt=77 stone=0
2026-09-20T13:25:51.3888404Z    deficits: 157926/0 (0.0%) 149380/12 (0.0%) 31860/0 (0.0%) 27420/0 (0.0%) 10725/72 (0.7%)
2026-09-20T13:25:51.3896177Z    F1=24[cobblestone:10 stick:4 dirt:4] | F2=57[cobblestone:32 andesite:20 dirt:5] | F3=27[cobblestone:10 dirt:5 stick:4] | F4=58[gravel:12 cobblestone:10 andesite:10] | F5=35[cobblestone:12 andesite:8 dirt:4] | F6=21[cobblestone:7 oak_log:5 stick:4] | F7=58[cobblestone:37 granite:7 oak_log:4] | F8=48[cobblestone:21 dirt:5 oak_planks:4] | F9=50[andesite:28 cobblestone:19 raw_copper:9] | F10=45[cobblestone:22 oak_planks:7 dirt:5] | F11=50[cobblestone:37 dirt:5 oak_log:4] | F12=3[stick:2 oak_planks:1 wooden_shovel:1] | F13=52[empty] | F14=27[oak_planks:9 dirt:6 oak_log:5] | F15=31[cobblestone:23 oak_planks:4 oak_log:3] | F16=36[cobblestone:16 oak_log:7 dirt:7] | F17=37[cobblestone:22 oak_log:10 oak_planks:7] | F18=33[andesite:6 cobblestone:5 dirt:5] | F19=1[oak_log:4]
2026-09-20T13:25:51.3901211Z    mem: heap=106M/149M rss=373M cols=1981 ents=2640 evicted=747 path=5a/0q (max 6)
2026-09-20T13:25:51.9853379Z F3 tunnel: 0 blocks (branch mine at the floor)
2026-09-20T13:25:53.2046923Z F11 tunnel: 12 blocks (branch mine at the floor)
2026-09-20T13:25:53.3026322Z F17 tunnel: 12 blocks (branch mine at the floor)
2026-09-20T13:25:53.3934352Z F14 tool upgrade due: cobble available -> stone_pickaxe
2026-09-20T13:25:54.1018452Z F1 tunnel: 0 blocks (branch mine at the floor)
2026-09-20T13:25:54.5011193Z F3 tunnel: 0 blocks (branch mine at the floor)
2026-09-20T13:25:55.4298572Z F6 [toolupgrade] [upgrade] upgraded: stone_pickaxe,wooden_shovel,wooden_pickaxe
2026-09-20T13:25:55.4299936Z F6 tool upgrade: OK -> stone_pickaxe (stone_pickaxe,wooden_shovel,wooden_pickaxe)
2026-09-20T13:25:56.2001196Z F1 tunnel: 0 blocks (branch mine at the floor)
2026-09-20T13:25:56.2002297Z F1 tunnel: 0 blocks x3 - sealed or flooded, cooling down 15s
2026-09-20T13:25:56.2578005Z F8 tunnel: 12 blocks (branch mine at the floor)
2026-09-20T13:25:56.8586549Z F7 tunnel: 12 blocks (branch mine at the floor)
2026-09-20T13:25:57.0474594Z F3 tunnel: 0 blocks (branch mine at the floor)
2026-09-20T13:25:57.0475903Z F3 tunnel: 0 blocks x3 - sealed or flooded, cooling down 15s
2026-09-20T13:25:57.7618257Z F16 tunnel: 12 blocks (branch mine at the floor)
2026-09-20T13:25:58.5457639Z F4 tunnel: 13 blocks (branch mine at the floor)
2026-09-20T13:25:59.0514216Z F14 [F14] water: drowning rescue start (drowning, oxygen 13)
2026-09-20T13:25:59.0640719Z F13 tunnel: 8 blocks (branch mine at the floor)
2026-09-20T13:26:00.5866951Z F19 dir=(0.95,-0.32) logs=1 tools=wooden_pickaxe
2026-09-20T13:26:00.7322266Z F2 tunnel: 12 blocks (branch mine at the floor)
2026-09-20T13:26:01.1106001Z F15 tunnel: 12 blocks (branch mine at the floor)
2026-09-20T13:26:01.5426876Z F9 tunnel: 12 blocks (branch mine at the floor)
2026-09-20T13:26:01.6498587Z F2 [F2] climb diag: level at y=43 blocked toward 1,0 (dug=2)
2026-09-20T13:26:02.3965778Z F9 [F9] climb diag: level at y=43 blocked toward -1,0 (dug=2)
2026-09-20T13:26:02.7942074Z F17 tunnel: 12 blocks (branch mine at the floor)
2026-09-20T13:26:03.7637854Z F11 tunnel: 12 blocks (branch mine at the floor)
2026-09-20T13:26:04.3782784Z F5 tunnel: 12 blocks (branch mine at the floor)
2026-09-20T13:26:06.3881740Z t-400s alive=19/19 mined=891 map=1005p/14ch banked=0 smelted=0 | sand=0 gravel=15 dirt=92 stone=0
2026-09-20T13:26:06.3888639Z    deficits: 157926/0 (0.0%) 149380/15 (0.0%) 31860/0 (0.0%) 27420/0 (0.0%) 10725/95 (0.9%)
2026-09-20T13:26:06.3896830Z    F1=24[cobblestone:10 stick:4 dirt:4] | F2=77[cobblestone:49 andesite:22 dirt:5] | F3=27[cobblestone:10 dirt:5 stick:4] | F4=73[andesite:14 gravel:12 cobblestone:11] | F5=47[cobblestone:24 andesite:8 dirt:4] | F6=40[cobblestone:17 dirt:8 oak_log:5] | F7=72[cobblestone:50 granite:7 oak_log:4] | F8=64[cobblestone:36 dirt:5 oak_planks:4] | F9=69[andesite:38 cobblestone:32 raw_copper:9] | F10=45[cobblestone:24 oak_planks:7 dirt:5] | F11=64[cobblestone:51 dirt:5 oak_log:4] | F12=8[birch_log:5 stick:2 oak_planks:1] | F13=52[empty] | F14=30[stick:6 dirt:6 cobblestone:6] | F15=43[cobblestone:37 oak_planks:4 oak_log:3] | F16=53[cobblestone:24 oak_log:7 dirt:7] | F17=51[cobblestone:25 oak_log:10 oak_planks:7] | F18=41[cobblestone:12 andesite:6 dirt:5] | F19=11[dirt:7 oak_planks:2 cobblestone:2]
2026-09-20T13:26:06.3902150Z    mem: heap=113M/148M rss=373M cols=1978 ents=2783 evicted=806 path=2a/0q (max 6)
2026-09-20T13:26:06.9407411Z F8 tunnel: 12 blocks (branch mine at the floor)
2026-09-20T13:26:07.3025176Z F14 [toolupgrade] [upgrade] craft stone_pickaxe: variant#3 attempt0 failed: craft stone_pickaxe: timeout after 7000ms
2026-09-20T13:26:07.3027597Z F14 [toolupgrade] [upgrade] [tools] closing stale craft window (minecraft:crafting) - grid recovery
2026-09-20T13:26:44.3422110Z 
2026-09-20T13:26:44.3422731Z <--- Last few GCs --->
2026-09-20T13:26:44.3423107Z 
2026-09-20T13:26:44.3424332Z [2513:0x12265000]   236114 ms: Mark-Compact 3550.6 (3627.8) -> 3538.0 (3630.8) MB, pooled: 0 MB, 1611.79 / 0.00 ms  (average mu = 0.068, current mu = 0.010) allocation failure; scavenge might not succeed
2026-09-20T13:26:44.3426915Z [2513:0x12265000]   238460 ms: Mark-Compact 3553.7 (3630.8) -> 3541.1 (3634.0) MB, pooled: 0 MB, 2323.90 / 0.00 ms  (average mu = 0.035, current mu = 0.010) allocation failure; scavenge might not succeed
2026-09-20T13:26:44.3428112Z 
2026-09-20T13:26:44.3428119Z 
2026-09-20T13:26:44.3428295Z <--- JS stacktrace --->
2026-09-20T13:26:44.3428512Z 
2026-09-20T13:26:44.3429158Z FATAL ERROR: Ineffective mark-compacts near heap limit Allocation failed - JavaScript heap out of memory
2026-09-20T13:26:44.3429963Z ----- Native stack trace -----
2026-09-20T13:26:44.3430202Z 
2026-09-20T13:26:44.3431278Z  1: 0xe46bbe node::OOMErrorHandler(char const*, v8::OOMDetails const&) [node]
2026-09-20T13:26:44.3432819Z  2: 0x1244310 v8::Utils::ReportOOMFailure(v8::internal::Isolate*, char const*, v8::OOMDetails const&) [node]
2026-09-20T13:26:44.3434416Z  3: 0x12445e7 v8::internal::V8::FatalProcessOutOfMemory(v8::internal::Isolate*, char const*, v8::OOMDetails const&) [node]
2026-09-20T13:26:44.3435214Z  4: 0x14734f5  [node]
2026-09-20T13:26:44.3435838Z  5: 0x1473523  [node]
2026-09-20T13:26:44.3436141Z  6: 0x148c5fa  [node]
2026-09-20T13:26:44.3446299Z  7: 0x148f7c8  [node]
2026-09-20T13:26:44.3447119Z  8: 0x1cf8351  [node]
2026-09-20T13:27:01.9112055Z /home/runner/work/_temp/8aebab29-3184-4032-9fd6-c04b744bd862.sh: line 13:  2513 Aborted                 (core dumped) node --expose-gc testbed/fleet19.mjs 19 600 sand,gravel,dirt,stone 2>&1
2026-09-20T13:27:01.9113724Z       2514 Done                    | tee /tmp/fleet19.log
2026-09-20T13:27:01.9121188Z ##[error]Process completed with exit code 134.
2026-09-20T13:27:01.9205830Z Node 20 is being deprecated. This workflow is running with Node 24 by default. If you need to temporarily use Node 20, you can set the ACTIONS_ALLOW_USE_UNSECURE_NODE_VERSION=true environment variable. For more information see: https://github.blog/changelog/2025-09-19-deprecation-of-node-20-on-github-actions-runners/
2026-09-20T13:27:01.9208102Z ##[group]Run actions/upload-artifact@v4
2026-09-20T13:27:01.9208607Z with:
2026-09-20T13:27:01.9208956Z   name: fleet19-log
2026-09-20T13:27:01.9209331Z   path: /tmp/fleet19.log
2026-09-20T13:27:01.9209742Z   if-no-files-found: warn
2026-09-20T13:27:01.9210142Z   compression-level: 6
2026-09-20T13:27:01.9210859Z   overwrite: false
2026-09-20T13:27:01.9211246Z   include-hidden-files: false
2026-09-20T13:27:01.9211648Z env:
2026-09-20T13:27:01.9212002Z   NODE_OPTIONS: --max-old-space-size=3584
2026-09-20T13:27:01.9212676Z   JAVA_HOME: /opt/hostedtoolcache/Java_Temurin-Hotspot_jdk/25.0.4-1/x64
2026-09-20T13:27:01.9213604Z   JAVA_HOME_25_X64: /opt/hostedtoolcache/Java_Temurin-Hotspot_jdk/25.0.4-1/x64
2026-09-20T13:27:01.9214317Z ##[endgroup]
2026-09-20T13:27:02.0978286Z (node:2630) [DEP0040] DeprecationWarning: The `punycode` module is deprecated. Please use a userland alternative instead.
2026-09-20T13:27:02.0979385Z (Use `node --trace-deprecation ...` to show where the warning was created)
2026-09-20T13:27:02.1025732Z With the provided path, there will be 1 file uploaded
2026-09-20T13:27:02.1056201Z Artifact name is valid!
2026-09-20T13:27:02.1057033Z Root directory input is valid!
2026-09-20T13:27:02.3138473Z Beginning upload of artifact content to blob storage
2026-09-20T13:27:02.3347060Z (node:2630) [DEP0169] DeprecationWarning: `url.parse()` behavior is not standardized and prone to errors that have security implications. Use the WHATWG URL API instead. CVEs are not issued for `url.parse()` vulnerabilities.
2026-09-20T13:27:02.3623810Z Uploaded bytes 3563
2026-09-20T13:27:02.3776521Z Finished uploading artifact content to blob storage!
2026-09-20T13:27:02.3778236Z SHA256 digest of uploaded artifact zip is 10a58e3c966e232704d08944dbe6f9d59575a938489dde292bb569c6ce3ef886
2026-09-20T13:27:02.3779582Z Finalizing artifact upload
2026-09-20T13:27:02.5668614Z Artifact fleet19-log.zip successfully finalized. Artifact ID 10606094064
2026-09-20T13:27:02.5670848Z Artifact fleet19-log has been successfully uploaded! Final size is 3563 bytes. Artifact ID is 10606094064
2026-09-20T13:27:02.5676754Z Artifact download URL: https://github.com/PLANETA9091/privateB/actions/runs/35512719192/artifacts/10606094064
2026-09-20T13:27:02.5796748Z ##[group]Run scripts/server.sh stop
2026-09-20T13:27:02.5797085Z [36;1mscripts/server.sh stop[0m
2026-09-20T13:27:02.5833888Z shell: /usr/bin/bash -e {0}
2026-09-20T13:27:02.5834156Z env:
2026-09-20T13:27:02.5834401Z   NODE_OPTIONS: --max-old-space-size=3584
2026-09-20T13:27:02.5834827Z   JAVA_HOME: /opt/hostedtoolcache/Java_Temurin-Hotspot_jdk/25.0.4-1/x64
2026-09-20T13:27:02.5835355Z   JAVA_HOME_25_X64: /opt/hostedtoolcache/Java_Temurin-Hotspot_jdk/25.0.4-1/x64
2026-09-20T13:27:02.5835765Z ##[endgroup]
2026-09-20T13:27:06.6476958Z still running
2026-09-20T13:27:06.6584810Z Node 20 is being deprecated. This workflow is running with Node 24 by default. If you need to temporarily use Node 20, you can set the ACTIONS_ALLOW_USE_UNSECURE_NODE_VERSION=true environment variable. For more information see: https://github.blog/changelog/2025-09-19-deprecation-of-node-20-on-github-actions-runners/
2026-09-20T13:27:06.6586227Z Post job cleanup.
2026-09-20T13:27:06.7929262Z (node:2700) [DEP0040] DeprecationWarning: The `punycode` module is deprecated. Please use a userland alternative instead.
2026-09-20T13:27:06.7930738Z (Use `node --trace-deprecation ...` to show where the warning was created)
2026-09-20T13:27:06.8100708Z Node 20 is being deprecated. This workflow is running with Node 24 by default. If you need to temporarily use Node 20, you can set the ACTIONS_ALLOW_USE_UNSECURE_NODE_VERSION=true environment variable. For more information see: https://github.blog/changelog/2025-09-19-deprecation-of-node-20-on-github-actions-runners/
2026-09-20T13:27:06.8102017Z Post job cleanup.
2026-09-20T13:27:06.9061210Z [command]/usr/bin/git version
2026-09-20T13:27:06.9110942Z git version 2.55.0
2026-09-20T13:27:06.9157714Z Temporarily overriding HOME='/home/runner/work/_temp/3f90c32b-c3c3-446c-acc1-b5aa78e73077' before making global git config changes
2026-09-20T13:27:06.9159622Z Adding repository directory to the temporary git global config as a safe directory
2026-09-20T13:27:06.9162437Z [command]/usr/bin/git config --global --add safe.directory /home/runner/work/privateB/privateB
2026-09-20T13:27:06.9218014Z [command]/usr/bin/git config --local --name-only --get-regexp core\.sshCommand
2026-09-20T13:27:06.9274488Z [command]/usr/bin/git submodule foreach --recursive sh -c "git config --local --name-only --get-regexp 'core\.sshCommand' && git config --local --unset-all 'core.sshCommand' || :"
2026-09-20T13:27:06.9573415Z [command]/usr/bin/git config --local --name-only --get-regexp http\.https\:\/\/github\.com\/\.extraheader
2026-09-20T13:27:06.9609125Z http.https://github.com/.extraheader
2026-09-20T13:27:06.9621277Z [command]/usr/bin/git config --local --unset-all http.https://github.com/.extraheader
2026-09-20T13:27:06.9657507Z [command]/usr/bin/git submodule foreach --recursive sh -c "git config --local --name-only --get-regexp 'http\.https\:\/\/github\.com\/\.extraheader' && git config --local --unset-all 'http.https://github.com/.extraheader' || :"
2026-09-20T13:27:06.9964486Z [command]/usr/bin/git config --local --name-only --get-regexp ^includeIf\.gitdir:
2026-09-20T13:27:07.0003779Z [command]/usr/bin/git submodule foreach --recursive git config --local --show-origin --name-only --get-regexp remote.origin.url
2026-09-20T13:27:07.0407974Z Cleaning up orphan processes
2026-09-20T13:27:07.0757785Z ##[warning]Node.js 20 is deprecated. The following actions target Node.js 20 but are being forced to run on Node.js 24: actions/cache@v4, actions/checkout@v4, actions/setup-java@v4, actions/setup-node@v4, actions/upload-artifact@v4. For more information see: https://github.blog/changelog/2025-09-19-deprecation-of-node-20-on-github-actions-runners/
